Flow report for random
Thu Dec 05 23:00:07 2019
Quartus II 64-Bit Version 15.0.0 Build 145 04/22/2015 SJ Web Edition


---------------------
; Table of Contents ;
---------------------
  1. Legal Notice
  2. Flow Summary
  3. Flow Settings
  4. Flow Non-Default Global Settings
  5. Flow Elapsed Time
  6. Flow OS Summary
  7. Flow Log
  8. Flow Messages
  9. Flow Suppressed Messages



----------------
; Legal Notice ;
----------------
Copyright (C) 1991-2015 Altera Corporation. All rights reserved.
Your use of Altera Corporation's design tools, logic functions 
and other software and tools, and its AMPP partner logic 
functions, and any output files from any of the foregoing 
(including device programming or simulation files), and any 
associated documentation or information are expressly subject 
to the terms and conditions of the Altera Program License 
Subscription Agreement, the Altera Quartus II License Agreement,
the Altera MegaCore Function License Agreement, or other 
applicable license agreement, including, without limitation, 
that your use is for the sole purpose of programming logic 
devices manufactured by Altera and sold by Altera or its 
authorized distributors.  Please refer to the applicable 
agreement for further details.



+---------------------------------------------------------------------------------+
; Flow Summary                                                                    ;
+------------------------------------+--------------------------------------------+
; Flow Status                        ; Successful - Thu Dec 05 22:59:39 2019      ;
; Quartus II 64-Bit Version          ; 15.0.0 Build 145 04/22/2015 SJ Web Edition ;
; Revision Name                      ; random                                     ;
; Top-level Entity Name              ; system                                     ;
; Family                             ; Cyclone IV E                               ;
; Total logic elements               ; 43 / 6,272 ( < 1 % )                       ;
;     Total combinational functions  ; 38 / 6,272 ( < 1 % )                       ;
;     Dedicated logic registers      ; 8 / 6,272 ( < 1 % )                        ;
; Total registers                    ; 8                                          ;
; Total pins                         ; 47 / 92 ( 51 % )                           ;
; Total virtual pins                 ; 0                                          ;
; Total memory bits                  ; 0 / 276,480 ( 0 % )                        ;
; Embedded Multiplier 9-bit elements ; 0 / 30 ( 0 % )                             ;
; Total PLLs                         ; 0 / 2 ( 0 % )                              ;
; Device                             ; EP4CE6E22C6                                ;
; Timing Models                      ; Final                                      ;
+------------------------------------+--------------------------------------------+


+-----------------------------------------+
; Flow Settings                           ;
+-------------------+---------------------+
; Option            ; Setting             ;
+-------------------+---------------------+
; Start date & time ; 12/05/2019 22:58:17 ;
; Main task         ; Compilation         ;
; Revision Name     ; random              ;
+-------------------+---------------------+


+-----------------------------------------------------------------------------------------------------------------+
; Flow Non-Default Global Settings                                                                                ;
+-------------------------------------+--------------------------------+---------------+-------------+------------+
; Assignment Name                     ; Value                          ; Default Value ; Entity Name ; Section Id ;
+-------------------------------------+--------------------------------+---------------+-------------+------------+
; COMPILER_SIGNATURE_ID               ; 26830024428538.157560469707384 ; --            ; --          ; --         ;
; EDA_SIMULATION_TOOL                 ; ModelSim-Altera (Verilog)      ; <None>        ; --          ; --         ;
; PARTITION_COLOR                     ; 16764057                       ; --            ; system      ; Top        ;
; PARTITION_FITTER_PRESERVATION_LEVEL ; PLACEMENT_AND_ROUTING          ; --            ; system      ; Top        ;
; PARTITION_NETLIST_TYPE              ; SOURCE                         ; --            ; system      ; Top        ;
; PROJECT_OUTPUT_DIRECTORY            ; output_files                   ; --            ; --          ; --         ;
; TOP_LEVEL_ENTITY                    ; system                         ; random        ; --          ; --         ;
+-------------------------------------+--------------------------------+---------------+-------------+------------+


+-------------------------------------------------------------------------------------------------------------------------------+
; Flow Elapsed Time                                                                                                             ;
+---------------------------+--------------+-------------------------+---------------------+------------------------------------+
; Module Name               ; Elapsed Time ; Average Processors Used ; Peak Virtual Memory ; Total CPU Time (on all processors) ;
+---------------------------+--------------+-------------------------+---------------------+------------------------------------+
; Analysis & Synthesis      ; 00:00:19     ; 1.0                     ; 4811 MB             ; 00:00:19                           ;
; Fitter                    ; 00:00:46     ; 1.0                     ; 5229 MB             ; 00:00:05                           ;
; Assembler                 ; 00:00:12     ; 1.0                     ; 4760 MB             ; 00:00:01                           ;
; TimeQuest Timing Analyzer ; 00:00:25     ; 1.0                     ; 4846 MB             ; 00:00:02                           ;
; Total                     ; 00:01:42     ; --                      ; --                  ; 00:00:27                           ;
+---------------------------+--------------+-------------------------+---------------------+------------------------------------+


+----------------------------------------------------------------------------------------+
; Flow OS Summary                                                                        ;
+---------------------------+------------------+-----------+------------+----------------+
; Module Name               ; Machine Hostname ; OS Name   ; OS Version ; Processor type ;
+---------------------------+------------------+-----------+------------+----------------+
; Analysis & Synthesis      ; WH221-04         ; Windows 7 ; 6.2        ; x86_64         ;
; Fitter                    ; WH221-04         ; Windows 7 ; 6.2        ; x86_64         ;
; Assembler                 ; WH221-04         ; Windows 7 ; 6.2        ; x86_64         ;
; TimeQuest Timing Analyzer ; WH221-04         ; Windows 7 ; 6.2        ; x86_64         ;
+---------------------------+------------------+-----------+------------+----------------+


------------
; Flow Log ;
------------
quartus_map --read_settings_files=on --write_settings_files=off Project -c random
quartus_fit --read_settings_files=off --write_settings_files=off Project -c random
quartus_asm --read_settings_files=off --write_settings_files=off Project -c random
quartus_sta Project -c random



