Analysis & Synthesis report for system
Mon Dec 09 18:09:34 2019
Quartus II 64-Bit Version 15.0.0 Build 145 04/22/2015 SJ Web Edition


---------------------
; Table of Contents ;
---------------------
  1. Legal Notice
  2. Analysis & Synthesis Summary
  3. Analysis & Synthesis Settings
  4. Parallel Compilation
  5. Analysis & Synthesis Source Files Read
  6. Analysis & Synthesis Resource Usage Summary
  7. Analysis & Synthesis Resource Utilization by Entity
  8. User-Specified and Inferred Latches
  9. Registers Removed During Synthesis
 10. General Register Statistics
 11. Port Connectivity Checks: "bcdAdder:comb_5|fourBitAdder:fba3"
 12. Port Connectivity Checks: "bcdAdder:comb_5|fourBitAdder:fba2"
 13. Port Connectivity Checks: "bcd_to_seven_seg:btosevento"
 14. Port Connectivity Checks: "Binary2BCD:comb_4"
 15. Port Connectivity Checks: "random2:random2"
 16. Port Connectivity Checks: "bcd_to_seven_seg:btoseven"
 17. Port Connectivity Checks: "Binary2BCD:comb_3"
 18. Port Connectivity Checks: "random:random1"
 19. Post-Synthesis Netlist Statistics for Top Partition
 20. Elapsed Time Per Partition
 21. Analysis & Synthesis Messages
 22. Analysis & Synthesis Suppressed Messages



----------------
; Legal Notice ;
----------------
Copyright (C) 1991-2015 Altera Corporation. All rights reserved.
Your use of Altera Corporation's design tools, logic functions 
and other software and tools, and its AMPP partner logic 
functions, and any output files from any of the foregoing 
(including device programming or simulation files), and any 
associated documentation or information are expressly subject 
to the terms and conditions of the Altera Program License 
Subscription Agreement, the Altera Quartus II License Agreement,
the Altera MegaCore Function License Agreement, or other 
applicable license agreement, including, without limitation, 
that your use is for the sole purpose of programming logic 
devices manufactured by Altera and sold by Altera or its 
authorized distributors.  Please refer to the applicable 
agreement for further details.



+---------------------------------------------------------------------------------+
; Analysis & Synthesis Summary                                                    ;
+------------------------------------+--------------------------------------------+
; Analysis & Synthesis Status        ; Successful - Mon Dec 09 18:09:34 2019      ;
; Quartus II 64-Bit Version          ; 15.0.0 Build 145 04/22/2015 SJ Web Edition ;
; Revision Name                      ; system                                     ;
; Top-level Entity Name              ; system                                     ;
; Family                             ; Cyclone IV E                               ;
; Total logic elements               ; 77                                         ;
;     Total combinational functions  ; 77                                         ;
;     Dedicated logic registers      ; 14                                         ;
; Total registers                    ; 14                                         ;
; Total pins                         ; 121                                        ;
; Total virtual pins                 ; 0                                          ;
; Total memory bits                  ; 0                                          ;
; Embedded Multiplier 9-bit elements ; 0                                          ;
; Total PLLs                         ; 0                                          ;
+------------------------------------+--------------------------------------------+


+----------------------------------------------------------------------------------------------------------------------+
; Analysis & Synthesis Settings                                                                                        ;
+----------------------------------------------------------------------------+--------------------+--------------------+
; Option                                                                     ; Setting            ; Default Value      ;
+----------------------------------------------------------------------------+--------------------+--------------------+
; Device                                                                     ; EP4CE115F29C7      ;                    ;
; Top-level entity name                                                      ; system             ; system             ;
; Family name                                                                ; Cyclone IV E       ; Cyclone V          ;
; Use smart compilation                                                      ; Off                ; Off                ;
; Enable parallel Assembler and TimeQuest Timing Analyzer during compilation ; On                 ; On                 ;
; Enable compact report table                                                ; Off                ; Off                ;
; Restructure Multiplexers                                                   ; Auto               ; Auto               ;
; Create Debugging Nodes for IP Cores                                        ; Off                ; Off                ;
; Preserve fewer node names                                                  ; On                 ; On                 ;
; Disable OpenCore Plus hardware evaluation                                  ; Off                ; Off                ;
; Verilog Version                                                            ; Verilog_2001       ; Verilog_2001       ;
; VHDL Version                                                               ; VHDL_1993          ; VHDL_1993          ;
; State Machine Processing                                                   ; Auto               ; Auto               ;
; Safe State Machine                                                         ; Off                ; Off                ;
; Extract Verilog State Machines                                             ; On                 ; On                 ;
; Extract VHDL State Machines                                                ; On                 ; On                 ;
; Ignore Verilog initial constructs                                          ; Off                ; Off                ;
; Iteration limit for constant Verilog loops                                 ; 5000               ; 5000               ;
; Iteration limit for non-constant Verilog loops                             ; 250                ; 250                ;
; Add Pass-Through Logic to Inferred RAMs                                    ; On                 ; On                 ;
; Infer RAMs from Raw Logic                                                  ; On                 ; On                 ;
; Parallel Synthesis                                                         ; On                 ; On                 ;
; DSP Block Balancing                                                        ; Auto               ; Auto               ;
; NOT Gate Push-Back                                                         ; On                 ; On                 ;
; Power-Up Don't Care                                                        ; On                 ; On                 ;
; Remove Redundant Logic Cells                                               ; Off                ; Off                ;
; Remove Duplicate Registers                                                 ; On                 ; On                 ;
; Ignore CARRY Buffers                                                       ; Off                ; Off                ;
; Ignore CASCADE Buffers                                                     ; Off                ; Off                ;
; Ignore GLOBAL Buffers                                                      ; Off                ; Off                ;
; Ignore ROW GLOBAL Buffers                                                  ; Off                ; Off                ;
; Ignore LCELL Buffers                                                       ; Off                ; Off                ;
; Ignore SOFT Buffers                                                        ; On                 ; On                 ;
; Limit AHDL Integers to 32 Bits                                             ; Off                ; Off                ;
; Optimization Technique                                                     ; Balanced           ; Balanced           ;
; Carry Chain Length                                                         ; 70                 ; 70                 ;
; Auto Carry Chains                                                          ; On                 ; On                 ;
; Auto Open-Drain Pins                                                       ; On                 ; On                 ;
; Perform WYSIWYG Primitive Resynthesis                                      ; Off                ; Off                ;
; Auto ROM Replacement                                                       ; On                 ; On                 ;
; Auto RAM Replacement                                                       ; On                 ; On                 ;
; Auto DSP Block Replacement                                                 ; On                 ; On                 ;
; Auto Shift Register Replacement                                            ; Auto               ; Auto               ;
; Allow Shift Register Merging across Hierarchies                            ; Auto               ; Auto               ;
; Auto Clock Enable Replacement                                              ; On                 ; On                 ;
; Strict RAM Replacement                                                     ; Off                ; Off                ;
; Allow Synchronous Control Signals                                          ; On                 ; On                 ;
; Force Use of Synchronous Clear Signals                                     ; Off                ; Off                ;
; Auto RAM Block Balancing                                                   ; On                 ; On                 ;
; Auto RAM to Logic Cell Conversion                                          ; Off                ; Off                ;
; Auto Resource Sharing                                                      ; Off                ; Off                ;
; Allow Any RAM Size For Recognition                                         ; Off                ; Off                ;
; Allow Any ROM Size For Recognition                                         ; Off                ; Off                ;
; Allow Any Shift Register Size For Recognition                              ; Off                ; Off                ;
; Use LogicLock Constraints during Resource Balancing                        ; On                 ; On                 ;
; Ignore translate_off and synthesis_off directives                          ; Off                ; Off                ;
; Timing-Driven Synthesis                                                    ; On                 ; On                 ;
; Report Parameter Settings                                                  ; On                 ; On                 ;
; Report Source Assignments                                                  ; On                 ; On                 ;
; Report Connectivity Checks                                                 ; On                 ; On                 ;
; Ignore Maximum Fan-Out Assignments                                         ; Off                ; Off                ;
; Synchronization Register Chain Length                                      ; 2                  ; 2                  ;
; PowerPlay Power Optimization During Synthesis                              ; Normal compilation ; Normal compilation ;
; HDL message level                                                          ; Level2             ; Level2             ;
; Suppress Register Optimization Related Messages                            ; Off                ; Off                ;
; Number of Removed Registers Reported in Synthesis Report                   ; 5000               ; 5000               ;
; Number of Swept Nodes Reported in Synthesis Report                         ; 5000               ; 5000               ;
; Number of Inverted Registers Reported in Synthesis Report                  ; 100                ; 100                ;
; Clock MUX Protection                                                       ; On                 ; On                 ;
; Auto Gated Clock Conversion                                                ; Off                ; Off                ;
; Block Design Naming                                                        ; Auto               ; Auto               ;
; SDC constraint protection                                                  ; Off                ; Off                ;
; Synthesis Effort                                                           ; Auto               ; Auto               ;
; Shift Register Replacement - Allow Asynchronous Clear Signal               ; On                 ; On                 ;
; Pre-Mapping Resynthesis Optimization                                       ; Off                ; Off                ;
; Analysis & Synthesis Message Level                                         ; Medium             ; Medium             ;
; Disable Register Merging Across Hierarchies                                ; Auto               ; Auto               ;
; Resource Aware Inference For Block RAM                                     ; On                 ; On                 ;
; Synthesis Seed                                                             ; 1                  ; 1                  ;
+----------------------------------------------------------------------------+--------------------+--------------------+


Parallel compilation was disabled, but you have multiple processors available. Enable parallel compilation to reduce compilation time.
+-------------------------------------+
; Parallel Compilation                ;
+----------------------------+--------+
; Processors                 ; Number ;
+----------------------------+--------+
; Number detected on machine ; 8      ;
; Maximum allowed            ; 1      ;
+----------------------------+--------+


+----------------------------------------------------------------------------------------------------------------------------+
; Analysis & Synthesis Source Files Read                                                                                     ;
+----------------------------------+-----------------+------------------------+------------------------------------+---------+
; File Name with User-Entered Path ; Used in Netlist ; File Type              ; File Name with Absolute Path       ; Library ;
+----------------------------------+-----------------+------------------------+------------------------------------+---------+
; system.v                         ; yes             ; User Verilog HDL File  ; N:/Random test1/system.v           ;         ;
; bcd_to_seven_seg.v               ; yes             ; User Verilog HDL File  ; N:/Random test1/bcd_to_seven_seg.v ;         ;
; Binary2BCD.v                     ; yes             ; User Verilog HDL File  ; N:/Random test1/Binary2BCD.v       ;         ;
; random.v                         ; yes             ; User Verilog HDL File  ; N:/Random test1/random.v           ;         ;
; Verilog1.v                       ; yes             ; User Verilog HDL File  ; N:/Random test1/Verilog1.v         ;         ;
; bcdadder.v                       ; yes             ; User Verilog HDL File  ; N:/Random test1/bcdadder.v         ;         ;
; fourBitAdder.v                   ; yes             ; User Verilog HDL File  ; N:/Random test1/fourBitAdder.v     ;         ;
+----------------------------------+-----------------+------------------------+------------------------------------+---------+


+-------------------------------------------------------------+
; Analysis & Synthesis Resource Usage Summary                 ;
+---------------------------------------------+---------------+
; Resource                                    ; Usage         ;
+---------------------------------------------+---------------+
; Estimated Total logic elements              ; 77            ;
;                                             ;               ;
; Total combinational functions               ; 77            ;
; Logic element usage by number of LUT inputs ;               ;
;     -- 4 input functions                    ; 34            ;
;     -- 3 input functions                    ; 34            ;
;     -- <=2 input functions                  ; 9             ;
;                                             ;               ;
; Logic elements by mode                      ;               ;
;     -- normal mode                          ; 77            ;
;     -- arithmetic mode                      ; 0             ;
;                                             ;               ;
; Total registers                             ; 14            ;
;     -- Dedicated logic registers            ; 14            ;
;     -- I/O registers                        ; 0             ;
;                                             ;               ;
; I/O pins                                    ; 121           ;
;                                             ;               ;
; Embedded Multiplier 9-bit elements          ; 0             ;
;                                             ;               ;
; Maximum fan-out node                        ; Presetv~input ;
; Maximum fan-out                             ; 16            ;
; Total fan-out                               ; 465           ;
; Average fan-out                             ; 1.40          ;
+---------------------------------------------+---------------+


+-----------------------------------------------------------------------------------------------------------------------------------------------------------------------------------------------------------------------+
; Analysis & Synthesis Resource Utilization by Entity                                                                                                                                                                   ;
+----------------------------------+-------------------+--------------+-------------+--------------+---------+-----------+------+--------------+---------------------------------------------------------+--------------+
; Compilation Hierarchy Node       ; LC Combinationals ; LC Registers ; Memory Bits ; DSP Elements ; DSP 9x9 ; DSP 18x18 ; Pins ; Virtual Pins ; Full Hierarchy Name                                     ; Library Name ;
+----------------------------------+-------------------+--------------+-------------+--------------+---------+-----------+------+--------------+---------------------------------------------------------+--------------+
; |system                          ; 77 (0)            ; 14 (0)       ; 0           ; 0            ; 0       ; 0         ; 121  ; 0            ; |system                                                 ; work         ;
;    |Binary2BCD:comb_3|           ; 3 (3)             ; 0 (0)        ; 0           ; 0            ; 0       ; 0         ; 0    ; 0            ; |system|Binary2BCD:comb_3                               ; work         ;
;    |Binary2BCD:comb_4|           ; 4 (4)             ; 0 (0)        ; 0           ; 0            ; 0       ; 0         ; 0    ; 0            ; |system|Binary2BCD:comb_4                               ; work         ;
;    |bcdAdder:comb_5|             ; 14 (2)            ; 6 (6)        ; 0           ; 0            ; 0       ; 0         ; 0    ; 0            ; |system|bcdAdder:comb_5                                 ; work         ;
;       |fourBitAdder:fba0|        ; 7 (0)             ; 0 (0)        ; 0           ; 0            ; 0       ; 0         ; 0    ; 0            ; |system|bcdAdder:comb_5|fourBitAdder:fba0               ; work         ;
;          |fullAdder:fa0|         ; 2 (2)             ; 0 (0)        ; 0           ; 0            ; 0       ; 0         ; 0    ; 0            ; |system|bcdAdder:comb_5|fourBitAdder:fba0|fullAdder:fa0 ; work         ;
;          |fullAdder:fa1|         ; 2 (2)             ; 0 (0)        ; 0           ; 0            ; 0       ; 0         ; 0    ; 0            ; |system|bcdAdder:comb_5|fourBitAdder:fba0|fullAdder:fa1 ; work         ;
;          |fullAdder:fa2|         ; 2 (2)             ; 0 (0)        ; 0           ; 0            ; 0       ; 0         ; 0    ; 0            ; |system|bcdAdder:comb_5|fourBitAdder:fba0|fullAdder:fa2 ; work         ;
;          |fullAdder:fa3|         ; 1 (1)             ; 0 (0)        ; 0           ; 0            ; 0       ; 0         ; 0    ; 0            ; |system|bcdAdder:comb_5|fourBitAdder:fba0|fullAdder:fa3 ; work         ;
;       |fourBitAdder:fba1|        ; 2 (0)             ; 0 (0)        ; 0           ; 0            ; 0       ; 0         ; 0    ; 0            ; |system|bcdAdder:comb_5|fourBitAdder:fba1               ; work         ;
;          |fullAdder:fa0|         ; 2 (2)             ; 0 (0)        ; 0           ; 0            ; 0       ; 0         ; 0    ; 0            ; |system|bcdAdder:comb_5|fourBitAdder:fba1|fullAdder:fa0 ; work         ;
;       |fourBitAdder:fba2|        ; 3 (0)             ; 0 (0)        ; 0           ; 0            ; 0       ; 0         ; 0    ; 0            ; |system|bcdAdder:comb_5|fourBitAdder:fba2               ; work         ;
;          |fullAdder:fa1|         ; 1 (1)             ; 0 (0)        ; 0           ; 0            ; 0       ; 0         ; 0    ; 0            ; |system|bcdAdder:comb_5|fourBitAdder:fba2|fullAdder:fa1 ; work         ;
;          |fullAdder:fa2|         ; 1 (1)             ; 0 (0)        ; 0           ; 0            ; 0       ; 0         ; 0    ; 0            ; |system|bcdAdder:comb_5|fourBitAdder:fba2|fullAdder:fa2 ; work         ;
;          |fullAdder:fa3|         ; 1 (1)             ; 0 (0)        ; 0           ; 0            ; 0       ; 0         ; 0    ; 0            ; |system|bcdAdder:comb_5|fourBitAdder:fba2|fullAdder:fa3 ; work         ;
;    |bcd_to_seven_seg:ad2|        ; 1 (1)             ; 0 (0)        ; 0           ; 0            ; 0       ; 0         ; 0    ; 0            ; |system|bcd_to_seven_seg:ad2                            ; work         ;
;    |bcd_to_seven_seg:add1|       ; 15 (15)           ; 0 (0)        ; 0           ; 0            ; 0       ; 0         ; 0    ; 0            ; |system|bcd_to_seven_seg:add1                           ; work         ;
;    |bcd_to_seven_seg:btosevento| ; 7 (7)             ; 0 (0)        ; 0           ; 0            ; 0       ; 0         ; 0    ; 0            ; |system|bcd_to_seven_seg:btosevento                     ; work         ;
;    |bcd_to_seven_seg:btoseven|   ; 7 (7)             ; 0 (0)        ; 0           ; 0            ; 0       ; 0         ; 0    ; 0            ; |system|bcd_to_seven_seg:btoseven                       ; work         ;
;    |bcd_to_seven_seg:comb_7|     ; 2 (2)             ; 0 (0)        ; 0           ; 0            ; 0       ; 0         ; 0    ; 0            ; |system|bcd_to_seven_seg:comb_7                         ; work         ;
;    |random2:random2|             ; 12 (12)           ; 4 (4)        ; 0           ; 0            ; 0       ; 0         ; 0    ; 0            ; |system|random2:random2                                 ; work         ;
;    |random:random1|              ; 12 (12)           ; 4 (4)        ; 0           ; 0            ; 0       ; 0         ; 0    ; 0            ; |system|random:random1                                  ; work         ;
+----------------------------------+-------------------+--------------+-------------+--------------+---------+-----------+------+--------------+---------------------------------------------------------+--------------+
Note: For table entries with two numbers listed, the numbers in parentheses indicate the number of resources of the given type used by the specific entity alone. The numbers listed outside of parentheses indicate the total resources of the given type used by the specific entity and all of its sub-entities in the hierarchy.


+-----------------------------------------------------------------------------------------------------------+
; User-Specified and Inferred Latches                                                                       ;
+-----------------------------------------------------+----------------------------+------------------------+
; Latch Name                                          ; Latch Enable Signal        ; Free of Timing Hazards ;
+-----------------------------------------------------+----------------------------+------------------------+
; random:random1|p[0]                                 ; Presetv                    ; yes                    ;
; random:random1|p[1]                                 ; Presetv                    ; yes                    ;
; random:random1|p[2]                                 ; Presetv                    ; yes                    ;
; random:random1|p[3]                                 ; Presetv                    ; yes                    ;
; random2:random2|p[3]                                ; Presetv                    ; yes                    ;
; random2:random2|p[2]                                ; Presetv                    ; yes                    ;
; random2:random2|p[1]                                ; Presetv                    ; yes                    ;
; random2:random2|p[0]                                ; Presetv                    ; yes                    ;
; bcd_to_seven_seg:add1|seg[0]                        ; bcd_to_seven_seg:add1|Mux7 ; yes                    ;
; bcd_to_seven_seg:add1|seg[1]                        ; bcd_to_seven_seg:add1|Mux7 ; yes                    ;
; bcd_to_seven_seg:add1|seg[2]                        ; bcd_to_seven_seg:add1|Mux7 ; yes                    ;
; bcd_to_seven_seg:add1|seg[3]                        ; bcd_to_seven_seg:add1|Mux7 ; yes                    ;
; bcd_to_seven_seg:add1|seg[4]                        ; bcd_to_seven_seg:add1|Mux7 ; yes                    ;
; bcd_to_seven_seg:add1|seg[5]                        ; bcd_to_seven_seg:add1|Mux7 ; yes                    ;
; bcd_to_seven_seg:add1|seg[6]                        ; bcd_to_seven_seg:add1|Mux7 ; yes                    ;
; bcd_to_seven_seg:comb_6|seg[0]                      ; bcd_to_seven_seg:add1|Mux7 ; yes                    ;
; bcd_to_seven_seg:comb_6|seg[1]                      ; bcd_to_seven_seg:add1|Mux7 ; yes                    ;
; bcd_to_seven_seg:comb_6|seg[2]                      ; bcd_to_seven_seg:add1|Mux7 ; yes                    ;
; bcd_to_seven_seg:comb_6|seg[3]                      ; bcd_to_seven_seg:add1|Mux7 ; yes                    ;
; bcd_to_seven_seg:comb_6|seg[4]                      ; bcd_to_seven_seg:add1|Mux7 ; yes                    ;
; bcd_to_seven_seg:comb_6|seg[5]                      ; bcd_to_seven_seg:add1|Mux7 ; yes                    ;
; bcd_to_seven_seg:comb_6|seg[6]                      ; bcd_to_seven_seg:add1|Mux7 ; yes                    ;
; Number of user-specified and inferred latches = 22  ;                            ;                        ;
+-----------------------------------------------------+----------------------------+------------------------+
Note: All latches listed above may not be present at the end of synthesis due to various synthesis optimizations.


+--------------------------------------------------------------------------------+
; Registers Removed During Synthesis                                             ;
+---------------------------------------+----------------------------------------+
; Register name                         ; Reason for Removal                     ;
+---------------------------------------+----------------------------------------+
; bcdAdder:comb_5|b[2,3]                ; Stuck at GND due to stuck port data_in ;
; Total Number of Removed Registers = 2 ;                                        ;
+---------------------------------------+----------------------------------------+


+------------------------------------------------------+
; General Register Statistics                          ;
+----------------------------------------------+-------+
; Statistic                                    ; Value ;
+----------------------------------------------+-------+
; Total registers                              ; 14    ;
; Number of registers using Synchronous Clear  ; 0     ;
; Number of registers using Synchronous Load   ; 0     ;
; Number of registers using Asynchronous Clear ; 0     ;
; Number of registers using Asynchronous Load  ; 0     ;
; Number of registers using Clock Enable       ; 0     ;
; Number of registers using Preset             ; 0     ;
+----------------------------------------------+-------+


+---------------------------------------------------------------+
; Port Connectivity Checks: "bcdAdder:comb_5|fourBitAdder:fba3" ;
+-----------+--------+----------+-------------------------------+
; Port      ; Type   ; Severity ; Details                       ;
+-----------+--------+----------+-------------------------------+
; b4_in[3]  ; Input  ; Info     ; Stuck at GND                  ;
; b4_in[0]  ; Input  ; Info     ; Stuck at GND                  ;
; cin4_in   ; Input  ; Info     ; Stuck at GND                  ;
; cout4_out ; Output ; Info     ; Explicitly unconnected        ;
+-----------+--------+----------+-------------------------------+


+---------------------------------------------------------------+
; Port Connectivity Checks: "bcdAdder:comb_5|fourBitAdder:fba2" ;
+-----------+--------+----------+-------------------------------+
; Port      ; Type   ; Severity ; Details                       ;
+-----------+--------+----------+-------------------------------+
; b4_in[3]  ; Input  ; Info     ; Stuck at GND                  ;
; b4_in[0]  ; Input  ; Info     ; Stuck at GND                  ;
; cin4_in   ; Input  ; Info     ; Stuck at GND                  ;
; cout4_out ; Output ; Info     ; Explicitly unconnected        ;
+-----------+--------+----------+-------------------------------+


+------------------------------------------------------------------------------------------------------------------------------------------------------------------------------------------------------------+
; Port Connectivity Checks: "bcd_to_seven_seg:btosevento"                                                                                                                                                    ;
+------+-------+----------+----------------------------------------------------------------------------------------------------------------------------------------------------------------------------------+
; Port ; Type  ; Severity ; Details                                                                                                                                                                          ;
+------+-------+----------+----------------------------------------------------------------------------------------------------------------------------------------------------------------------------------+
; bcd  ; Input ; Warning  ; Input port expression (8 bits) is wider than the input port (4 bits) it drives.  The 4 most-significant bit(s) in the expression will be dangling if they have no other fanouts. ;
+------+-------+----------+----------------------------------------------------------------------------------------------------------------------------------------------------------------------------------+


+-----------------------------------------------------------------------------------------------------------------------------------------------------------------------+
; Port Connectivity Checks: "Binary2BCD:comb_4"                                                                                                                         ;
+------+-------+----------+---------------------------------------------------------------------------------------------------------------------------------------------+
; Port ; Type  ; Severity ; Details                                                                                                                                     ;
+------+-------+----------+---------------------------------------------------------------------------------------------------------------------------------------------+
; bin  ; Input ; Warning  ; Input port expression (4 bits) is smaller than the input port (5 bits) it drives.  Extra input bit(s) "bin[4..4]" will be connected to GND. ;
+------+-------+----------+---------------------------------------------------------------------------------------------------------------------------------------------+


+----------------------------------------------------------------------------------------------------------------+
; Port Connectivity Checks: "random2:random2"                                                                    ;
+------+--------+----------+-------------------------------------------------------------------------------------+
; Port ; Type   ; Severity ; Details                                                                             ;
+------+--------+----------+-------------------------------------------------------------------------------------+
; Q    ; Output ; Info     ; Connected to dangling logic. Logic that only feeds a dangling port will be removed. ;
+------+--------+----------+-------------------------------------------------------------------------------------+


+------------------------------------------------------------------------------------------------------------------------------------------------------------------------------------------------------------+
; Port Connectivity Checks: "bcd_to_seven_seg:btoseven"                                                                                                                                                      ;
+------+-------+----------+----------------------------------------------------------------------------------------------------------------------------------------------------------------------------------+
; Port ; Type  ; Severity ; Details                                                                                                                                                                          ;
+------+-------+----------+----------------------------------------------------------------------------------------------------------------------------------------------------------------------------------+
; bcd  ; Input ; Warning  ; Input port expression (8 bits) is wider than the input port (4 bits) it drives.  The 4 most-significant bit(s) in the expression will be dangling if they have no other fanouts. ;
+------+-------+----------+----------------------------------------------------------------------------------------------------------------------------------------------------------------------------------+


+-----------------------------------------------------------------------------------------------------------------------------------------------------------------------+
; Port Connectivity Checks: "Binary2BCD:comb_3"                                                                                                                         ;
+------+-------+----------+---------------------------------------------------------------------------------------------------------------------------------------------+
; Port ; Type  ; Severity ; Details                                                                                                                                     ;
+------+-------+----------+---------------------------------------------------------------------------------------------------------------------------------------------+
; bin  ; Input ; Warning  ; Input port expression (4 bits) is smaller than the input port (5 bits) it drives.  Extra input bit(s) "bin[4..4]" will be connected to GND. ;
+------+-------+----------+---------------------------------------------------------------------------------------------------------------------------------------------+


+----------------------------------------------------------------------------------------------------------------+
; Port Connectivity Checks: "random:random1"                                                                     ;
+------+--------+----------+-------------------------------------------------------------------------------------+
; Port ; Type   ; Severity ; Details                                                                             ;
+------+--------+----------+-------------------------------------------------------------------------------------+
; Q    ; Output ; Info     ; Connected to dangling logic. Logic that only feeds a dangling port will be removed. ;
+------+--------+----------+-------------------------------------------------------------------------------------+


+-----------------------------------------------------+
; Post-Synthesis Netlist Statistics for Top Partition ;
+-----------------------+-----------------------------+
; Type                  ; Count                       ;
+-----------------------+-----------------------------+
; boundary_port         ; 121                         ;
; cycloneiii_ff         ; 14                          ;
;     plain             ; 14                          ;
; cycloneiii_lcell_comb ; 81                          ;
;     normal            ; 81                          ;
;         0 data inputs ; 1                           ;
;         1 data inputs ; 3                           ;
;         2 data inputs ; 9                           ;
;         3 data inputs ; 34                          ;
;         4 data inputs ; 34                          ;
;                       ;                             ;
; Max LUT depth         ; 5.00                        ;
; Average LUT depth     ; 2.31                        ;
+-----------------------+-----------------------------+


+-------------------------------+
; Elapsed Time Per Partition    ;
+----------------+--------------+
; Partition Name ; Elapsed Time ;
+----------------+--------------+
; Top            ; 00:00:00     ;
+----------------+--------------+


+-------------------------------+
; Analysis & Synthesis Messages ;
+-------------------------------+
Info: *******************************************************************
Info: Running Quartus II 64-Bit Analysis & Synthesis
    Info: Version 15.0.0 Build 145 04/22/2015 SJ Web Edition
    Info: Processing started: Mon Dec 09 18:09:12 2019
Info: Command: quartus_map --read_settings_files=on --write_settings_files=off system -c system
Warning (20028): Parallel compilation is not licensed and has been disabled
Info (12021): Found 1 design units, including 1 entities, in source file system.v
    Info (12023): Found entity 1: system
Info (12021): Found 1 design units, including 1 entities, in source file bcd_to_seven_seg.v
    Info (12023): Found entity 1: bcd_to_seven_seg
Info (12021): Found 1 design units, including 1 entities, in source file binary2bcd.v
    Info (12023): Found entity 1: Binary2BCD
Info (12021): Found 1 design units, including 1 entities, in source file random.v
    Info (12023): Found entity 1: random
Info (12021): Found 1 design units, including 1 entities, in source file verilog1.v
    Info (12023): Found entity 1: random2
Info (12021): Found 1 design units, including 1 entities, in source file bcd_adder.v
    Info (12023): Found entity 1: bcd_adder
Info (12021): Found 1 design units, including 1 entities, in source file bcdadder.v
    Info (12023): Found entity 1: bcdAdder
Info (12021): Found 2 design units, including 2 entities, in source file fourbitadder.v
    Info (12023): Found entity 1: fourBitAdder
    Info (12023): Found entity 2: fullAdder
Critical Warning (10846): Verilog HDL Instantiation warning at system.v(48): instance has no name
Critical Warning (10846): Verilog HDL Instantiation warning at system.v(72): instance has no name
Critical Warning (10846): Verilog HDL Instantiation warning at system.v(106): instance has no name
Critical Warning (10846): Verilog HDL Instantiation warning at system.v(124): instance has no name
Critical Warning (10846): Verilog HDL Instantiation warning at system.v(129): instance has no name
Info (12127): Elaborating entity "system" for the top level hierarchy
Warning (10034): Output port "Qv" at system.v(4) has no driver
Warning (10034): Output port "bcdv" at system.v(7) has no driver
Warning (10034): Output port "av" at system.v(26) has no driver
Warning (10034): Output port "bv" at system.v(27) has no driver
Info (12128): Elaborating entity "random" for hierarchy "random:random1"
Warning (10036): Verilog HDL or VHDL warning at random.v(9): object "ii" assigned a value but never read
Warning (10240): Verilog HDL Always Construct warning at random.v(22): inferring latch(es) for variable "p", which holds its previous value in one or more paths through the always construct
Info (10041): Inferred latch for "p[0]" at random.v(22)
Info (10041): Inferred latch for "p[1]" at random.v(22)
Info (10041): Inferred latch for "p[2]" at random.v(22)
Info (10041): Inferred latch for "p[3]" at random.v(22)
Info (12128): Elaborating entity "Binary2BCD" for hierarchy "Binary2BCD:comb_3"
Warning (10230): Verilog HDL assignment warning at Binary2BCD.v(9): truncated value with size 32 to match size of target (4)
Warning (10230): Verilog HDL assignment warning at Binary2BCD.v(12): truncated value with size 32 to match size of target (4)
Info (12128): Elaborating entity "bcd_to_seven_seg" for hierarchy "bcd_to_seven_seg:btoseven"
Warning (10270): Verilog HDL Case Statement warning at bcd_to_seven_seg.v(9): incomplete case statement has no default case item
Warning (10240): Verilog HDL Always Construct warning at bcd_to_seven_seg.v(6): inferring latch(es) for variable "seg", which holds its previous value in one or more paths through the always construct
Info (10041): Inferred latch for "seg[0]" at bcd_to_seven_seg.v(6)
Info (10041): Inferred latch for "seg[1]" at bcd_to_seven_seg.v(6)
Info (10041): Inferred latch for "seg[2]" at bcd_to_seven_seg.v(6)
Info (10041): Inferred latch for "seg[3]" at bcd_to_seven_seg.v(6)
Info (10041): Inferred latch for "seg[4]" at bcd_to_seven_seg.v(6)
Info (10041): Inferred latch for "seg[5]" at bcd_to_seven_seg.v(6)
Info (10041): Inferred latch for "seg[6]" at bcd_to_seven_seg.v(6)
Info (12128): Elaborating entity "random2" for hierarchy "random2:random2"
Warning (10036): Verilog HDL or VHDL warning at Verilog1.v(9): object "ii" assigned a value but never read
Warning (10240): Verilog HDL Always Construct warning at Verilog1.v(22): inferring latch(es) for variable "p", which holds its previous value in one or more paths through the always construct
Info (10041): Inferred latch for "p[0]" at Verilog1.v(22)
Info (10041): Inferred latch for "p[1]" at Verilog1.v(22)
Info (10041): Inferred latch for "p[2]" at Verilog1.v(22)
Info (10041): Inferred latch for "p[3]" at Verilog1.v(22)
Info (12128): Elaborating entity "bcdAdder" for hierarchy "bcdAdder:comb_5"
Warning (10034): Output port "cout8_out" at bcdadder.v(6) has no driver
Info (12128): Elaborating entity "fourBitAdder" for hierarchy "bcdAdder:comb_5|fourBitAdder:fba0"
Info (12128): Elaborating entity "fullAdder" for hierarchy "bcdAdder:comb_5|fourBitAdder:fba0|fullAdder:fa0"
Warning (14026): LATCH primitive "bcd_to_seven_seg:comb_7|seg[0]" is permanently enabled
Warning (14026): LATCH primitive "bcd_to_seven_seg:comb_7|seg[2]" is permanently enabled
Warning (14026): LATCH primitive "bcd_to_seven_seg:comb_7|seg[3]" is permanently enabled
Warning (14026): LATCH primitive "bcd_to_seven_seg:comb_7|seg[4]" is permanently enabled
Warning (14026): LATCH primitive "bcd_to_seven_seg:comb_7|seg[5]" is permanently enabled
Warning (14026): LATCH primitive "bcd_to_seven_seg:comb_7|seg[6]" is permanently enabled
Warning (14026): LATCH primitive "bcd_to_seven_seg:ad2|seg[0]" is permanently enabled
Warning (14026): LATCH primitive "bcd_to_seven_seg:ad2|seg[2]" is permanently enabled
Warning (14026): LATCH primitive "bcd_to_seven_seg:ad2|seg[3]" is permanently enabled
Warning (14026): LATCH primitive "bcd_to_seven_seg:ad2|seg[4]" is permanently enabled
Warning (14026): LATCH primitive "bcd_to_seven_seg:ad2|seg[5]" is permanently enabled
Warning (14026): LATCH primitive "bcd_to_seven_seg:ad2|seg[6]" is permanently enabled
Warning (14026): LATCH primitive "bcd_to_seven_seg:ad2|seg[0]" is permanently enabled
Warning (14026): LATCH primitive "bcd_to_seven_seg:ad2|seg[2]" is permanently enabled
Warning (14026): LATCH primitive "bcd_to_seven_seg:ad2|seg[3]" is permanently enabled
Warning (14026): LATCH primitive "bcd_to_seven_seg:ad2|seg[4]" is permanently enabled
Warning (14026): LATCH primitive "bcd_to_seven_seg:ad2|seg[5]" is permanently enabled
Warning (14026): LATCH primitive "bcd_to_seven_seg:ad2|seg[6]" is permanently enabled
Warning (14026): LATCH primitive "bcd_to_seven_seg:comb_7|seg[0]" is permanently enabled
Warning (14026): LATCH primitive "bcd_to_seven_seg:comb_7|seg[2]" is permanently enabled
Warning (14026): LATCH primitive "bcd_to_seven_seg:comb_7|seg[3]" is permanently enabled
Warning (14026): LATCH primitive "bcd_to_seven_seg:comb_7|seg[4]" is permanently enabled
Warning (14026): LATCH primitive "bcd_to_seven_seg:comb_7|seg[5]" is permanently enabled
Warning (14026): LATCH primitive "bcd_to_seven_seg:comb_7|seg[6]" is permanently enabled
Warning (14026): LATCH primitive "bcd_to_seven_seg:btoseven|seg[0]" is permanently enabled
Warning (14026): LATCH primitive "bcd_to_seven_seg:btoseven|seg[1]" is permanently enabled
Warning (14026): LATCH primitive "bcd_to_seven_seg:btoseven|seg[2]" is permanently enabled
Warning (14026): LATCH primitive "bcd_to_seven_seg:btoseven|seg[3]" is permanently enabled
Warning (14026): LATCH primitive "bcd_to_seven_seg:btoseven|seg[4]" is permanently enabled
Warning (14026): LATCH primitive "bcd_to_seven_seg:btoseven|seg[5]" is permanently enabled
Warning (14026): LATCH primitive "bcd_to_seven_seg:btoseven|seg[6]" is permanently enabled
Warning (14026): LATCH primitive "bcd_to_seven_seg:btosevento|seg[0]" is permanently enabled
Warning (14026): LATCH primitive "bcd_to_seven_seg:btosevento|seg[1]" is permanently enabled
Warning (14026): LATCH primitive "bcd_to_seven_seg:btosevento|seg[2]" is permanently enabled
Warning (14026): LATCH primitive "bcd_to_seven_seg:btosevento|seg[3]" is permanently enabled
Warning (14026): LATCH primitive "bcd_to_seven_seg:btosevento|seg[4]" is permanently enabled
Warning (14026): LATCH primitive "bcd_to_seven_seg:btosevento|seg[5]" is permanently enabled
Warning (14026): LATCH primitive "bcd_to_seven_seg:btosevento|seg[6]" is permanently enabled
Warning (12241): 4 hierarchies have connectivity warnings - see the Connectivity Checks report folder
Info (13025): Duplicate LATCH primitives merged into single LATCH primitive
    Info (13026): Duplicate LATCH primitive "bcd_to_seven_seg:comb_6|seg[0]" merged with LATCH primitive "bcd_to_seven_seg:add1|seg[0]"
    Info (13026): Duplicate LATCH primitive "bcd_to_seven_seg:comb_6|seg[1]" merged with LATCH primitive "bcd_to_seven_seg:add1|seg[1]"
    Info (13026): Duplicate LATCH primitive "bcd_to_seven_seg:comb_6|seg[2]" merged with LATCH primitive "bcd_to_seven_seg:add1|seg[2]"
    Info (13026): Duplicate LATCH primitive "bcd_to_seven_seg:comb_6|seg[3]" merged with LATCH primitive "bcd_to_seven_seg:add1|seg[3]"
    Info (13026): Duplicate LATCH primitive "bcd_to_seven_seg:comb_6|seg[4]" merged with LATCH primitive "bcd_to_seven_seg:add1|seg[4]"
    Info (13026): Duplicate LATCH primitive "bcd_to_seven_seg:comb_6|seg[5]" merged with LATCH primitive "bcd_to_seven_seg:add1|seg[5]"
    Info (13026): Duplicate LATCH primitive "bcd_to_seven_seg:comb_6|seg[6]" merged with LATCH primitive "bcd_to_seven_seg:add1|seg[6]"
Warning (13012): Latch bcd_to_seven_seg:add1|seg[0] has unsafe behavior
    Warning (13013): Ports D and ENA on the latch are fed by the same signal bcdAdder:comb_5|a[1]
Warning (13012): Latch bcd_to_seven_seg:add1|seg[1] has unsafe behavior
    Warning (13013): Ports D and ENA on the latch are fed by the same signal bcdAdder:comb_5|a[2]
Warning (13012): Latch bcd_to_seven_seg:add1|seg[2] has unsafe behavior
    Warning (13013): Ports D and ENA on the latch are fed by the same signal bcdAdder:comb_5|a[1]
Warning (13012): Latch bcd_to_seven_seg:add1|seg[3] has unsafe behavior
    Warning (13013): Ports D and ENA on the latch are fed by the same signal bcdAdder:comb_5|a[1]
Warning (13012): Latch bcd_to_seven_seg:add1|seg[4] has unsafe behavior
    Warning (13013): Ports D and ENA on the latch are fed by the same signal bcdAdder:comb_5|a[1]
Warning (13012): Latch bcd_to_seven_seg:add1|seg[5] has unsafe behavior
    Warning (13013): Ports D and ENA on the latch are fed by the same signal bcdAdder:comb_5|a[1]
Warning (13012): Latch bcd_to_seven_seg:add1|seg[6] has unsafe behavior
    Warning (13013): Ports D and ENA on the latch are fed by the same signal bcdAdder:comb_5|a[1]
Warning (13024): Output pins are stuck at VCC or GND
    Warning (13410): Pin "Qv[0]" is stuck at GND
    Warning (13410): Pin "Qv[1]" is stuck at GND
    Warning (13410): Pin "Qv[2]" is stuck at GND
    Warning (13410): Pin "Qv[3]" is stuck at GND
    Warning (13410): Pin "Qv[4]" is stuck at GND
    Warning (13410): Pin "bcdv[0]" is stuck at GND
    Warning (13410): Pin "bcdv[1]" is stuck at GND
    Warning (13410): Pin "bcdv[2]" is stuck at GND
    Warning (13410): Pin "bcdv[3]" is stuck at GND
    Warning (13410): Pin "bcdv[4]" is stuck at GND
    Warning (13410): Pin "bcdv[5]" is stuck at GND
    Warning (13410): Pin "bcdv[6]" is stuck at GND
    Warning (13410): Pin "bcdv[7]" is stuck at GND
    Warning (13410): Pin "segv4[1]" is stuck at GND
    Warning (13410): Pin "segv6[1]" is stuck at GND
    Warning (13410): Pin "sum12_ouvt[6]" is stuck at GND
    Warning (13410): Pin "sum12_ouvt[7]" is stuck at GND
    Warning (13410): Pin "sum12_ouvt[8]" is stuck at GND
    Warning (13410): Pin "sum12_ouvt[9]" is stuck at GND
    Warning (13410): Pin "sum12_ouvt[10]" is stuck at GND
    Warning (13410): Pin "sum12_ouvt[11]" is stuck at GND
    Warning (13410): Pin "sum8_outv[6]" is stuck at GND
    Warning (13410): Pin "sum8_outv[7]" is stuck at GND
    Warning (13410): Pin "cout8_outv" is stuck at GND
    Warning (13410): Pin "av[0]" is stuck at GND
    Warning (13410): Pin "av[1]" is stuck at GND
    Warning (13410): Pin "av[2]" is stuck at GND
    Warning (13410): Pin "av[3]" is stuck at GND
    Warning (13410): Pin "bv[0]" is stuck at GND
    Warning (13410): Pin "bv[1]" is stuck at GND
    Warning (13410): Pin "bv[2]" is stuck at GND
    Warning (13410): Pin "bv[3]" is stuck at GND
Info (286030): Timing-Driven Synthesis is running
Info (144001): Generated suppressed messages file N:/Random test1/output_files/system.map.smsg
Info (16010): Generating hard_block partition "hard_block:auto_generated_inst"
    Info (16011): Adding 0 node(s), including 0 DDIO, 0 PLL, 0 transceiver and 0 LCELL
Warning (21074): Design contains 25 input pin(s) that do not drive logic
    Warning (15610): No output dependent on input pin "binv[0]"
    Warning (15610): No output dependent on input pin "binv[1]"
    Warning (15610): No output dependent on input pin "binv[2]"
    Warning (15610): No output dependent on input pin "binv[3]"
    Warning (15610): No output dependent on input pin "binv[4]"
    Warning (15610): No output dependent on input pin "bcd1v[0]"
    Warning (15610): No output dependent on input pin "bcd1v[1]"
    Warning (15610): No output dependent on input pin "bcd1v[2]"
    Warning (15610): No output dependent on input pin "bcd1v[3]"
    Warning (15610): No output dependent on input pin "a8_inv[0]"
    Warning (15610): No output dependent on input pin "a8_inv[1]"
    Warning (15610): No output dependent on input pin "a8_inv[2]"
    Warning (15610): No output dependent on input pin "a8_inv[3]"
    Warning (15610): No output dependent on input pin "a8_inv[4]"
    Warning (15610): No output dependent on input pin "a8_inv[5]"
    Warning (15610): No output dependent on input pin "a8_inv[6]"
    Warning (15610): No output dependent on input pin "a8_inv[7]"
    Warning (15610): No output dependent on input pin "b8_inv[0]"
    Warning (15610): No output dependent on input pin "b8_inv[1]"
    Warning (15610): No output dependent on input pin "b8_inv[2]"
    Warning (15610): No output dependent on input pin "b8_inv[3]"
    Warning (15610): No output dependent on input pin "b8_inv[4]"
    Warning (15610): No output dependent on input pin "b8_inv[5]"
    Warning (15610): No output dependent on input pin "b8_inv[6]"
    Warning (15610): No output dependent on input pin "b8_inv[7]"
Info (21057): Implemented 204 device resources after synthesis - the final resource count might be different
    Info (21058): Implemented 29 input pins
    Info (21059): Implemented 92 output pins
    Info (21061): Implemented 83 logic cells
Info: Quartus II 64-Bit Analysis & Synthesis was successful. 0 errors, 132 warnings
    Info: Peak virtual memory: 4828 megabytes
    Info: Processing ended: Mon Dec 09 18:09:34 2019
    Info: Elapsed time: 00:00:22
    Info: Total CPU time (on all processors): 00:00:20


+------------------------------------------+
; Analysis & Synthesis Suppressed Messages ;
+------------------------------------------+
The suppressed messages can be found in N:/Random test1/output_files/system.map.smsg.


