TimeQuest Timing Analyzer report for BlackJack
Tue Nov 26 20:58:57 2019
Quartus II 64-Bit Version 15.0.0 Build 145 04/22/2015 SJ Web Edition


---------------------
; Table of Contents ;
---------------------
  1. Legal Notice
  2. TimeQuest Timing Analyzer Summary
  3. Parallel Compilation
  4. Clocks
  5. Slow 1200mV 85C Model Fmax Summary
  6. Timing Closure Recommendations
  7. Slow 1200mV 85C Model Setup Summary
  8. Slow 1200mV 85C Model Hold Summary
  9. Slow 1200mV 85C Model Recovery Summary
 10. Slow 1200mV 85C Model Removal Summary
 11. Slow 1200mV 85C Model Minimum Pulse Width Summary
 12. Slow 1200mV 85C Model Setup: 'clk'
 13. Slow 1200mV 85C Model Hold: 'clk'
 14. Slow 1200mV 85C Model Minimum Pulse Width: 'clk'
 15. Clock to Output Times
 16. Minimum Clock to Output Times
 17. Slow 1200mV 85C Model Metastability Summary
 18. Slow 1200mV 0C Model Fmax Summary
 19. Slow 1200mV 0C Model Setup Summary
 20. Slow 1200mV 0C Model Hold Summary
 21. Slow 1200mV 0C Model Recovery Summary
 22. Slow 1200mV 0C Model Removal Summary
 23. Slow 1200mV 0C Model Minimum Pulse Width Summary
 24. Slow 1200mV 0C Model Setup: 'clk'
 25. Slow 1200mV 0C Model Hold: 'clk'
 26. Slow 1200mV 0C Model Minimum Pulse Width: 'clk'
 27. Clock to Output Times
 28. Minimum Clock to Output Times
 29. Slow 1200mV 0C Model Metastability Summary
 30. Fast 1200mV 0C Model Setup Summary
 31. Fast 1200mV 0C Model Hold Summary
 32. Fast 1200mV 0C Model Recovery Summary
 33. Fast 1200mV 0C Model Removal Summary
 34. Fast 1200mV 0C Model Minimum Pulse Width Summary
 35. Fast 1200mV 0C Model Setup: 'clk'
 36. Fast 1200mV 0C Model Hold: 'clk'
 37. Fast 1200mV 0C Model Minimum Pulse Width: 'clk'
 38. Clock to Output Times
 39. Minimum Clock to Output Times
 40. Fast 1200mV 0C Model Metastability Summary
 41. Multicorner Timing Analysis Summary
 42. Clock to Output Times
 43. Minimum Clock to Output Times
 44. Board Trace Model Assignments
 45. Input Transition Times
 46. Signal Integrity Metrics (Slow 1200mv 0c Model)
 47. Signal Integrity Metrics (Slow 1200mv 85c Model)
 48. Signal Integrity Metrics (Fast 1200mv 0c Model)
 49. Setup Transfers
 50. Hold Transfers
 51. Report TCCS
 52. Report RSKM
 53. Unconstrained Paths
 54. TimeQuest Timing Analyzer Messages



----------------
; Legal Notice ;
----------------
Copyright (C) 1991-2015 Altera Corporation. All rights reserved.
Your use of Altera Corporation's design tools, logic functions 
and other software and tools, and its AMPP partner logic 
functions, and any output files from any of the foregoing 
(including device programming or simulation files), and any 
associated documentation or information are expressly subject 
to the terms and conditions of the Altera Program License 
Subscription Agreement, the Altera Quartus II License Agreement,
the Altera MegaCore Function License Agreement, or other 
applicable license agreement, including, without limitation, 
that your use is for the sole purpose of programming logic 
devices manufactured by Altera and sold by Altera or its 
authorized distributors.  Please refer to the applicable 
agreement for further details.



+-------------------------------------------------------------------------+
; TimeQuest Timing Analyzer Summary                                       ;
+--------------------+----------------------------------------------------+
; Quartus II Version ; Version 15.0.0 Build 145 04/22/2015 SJ Web Edition ;
; Revision Name      ; BlackJack                                          ;
; Device Family      ; Cyclone IV E                                       ;
; Device Name        ; EP4CE115F29C7                                      ;
; Timing Models      ; Final                                              ;
; Delay Model        ; Combined                                           ;
; Rise/Fall Delays   ; Enabled                                            ;
+--------------------+----------------------------------------------------+


Parallel compilation was disabled, but you have multiple processors available. Enable parallel compilation to reduce compilation time.
+-------------------------------------+
; Parallel Compilation                ;
+----------------------------+--------+
; Processors                 ; Number ;
+----------------------------+--------+
; Number detected on machine ; 8      ;
; Maximum allowed            ; 1      ;
+----------------------------+--------+


+---------------------------------------------------------------------------------------------------------------------------------------------------------------------------------+
; Clocks                                                                                                                                                                          ;
+------------+------+--------+------------+-------+-------+------------+-----------+-------------+-------+--------+-----------+------------+----------+--------+--------+---------+
; Clock Name ; Type ; Period ; Frequency  ; Rise  ; Fall  ; Duty Cycle ; Divide by ; Multiply by ; Phase ; Offset ; Edge List ; Edge Shift ; Inverted ; Master ; Source ; Targets ;
+------------+------+--------+------------+-------+-------+------------+-----------+-------------+-------+--------+-----------+------------+----------+--------+--------+---------+
; clk        ; Base ; 1.000  ; 1000.0 MHz ; 0.000 ; 0.500 ;            ;           ;             ;       ;        ;           ;            ;          ;        ;        ; { clk } ;
+------------+------+--------+------------+-------+-------+------------+-----------+-------------+-------+--------+-----------+------------+----------+--------+--------+---------+


+-----------------------------------------------------------------------------------------------------------+
; Slow 1200mV 85C Model Fmax Summary                                                                        ;
+------------+-----------------+------------+---------------------------------------------------------------+
; Fmax       ; Restricted Fmax ; Clock Name ; Note                                                          ;
+------------+-----------------+------------+---------------------------------------------------------------+
; 788.64 MHz ; 250.0 MHz       ; clk        ; limit due to minimum period restriction (max I/O toggle rate) ;
+------------+-----------------+------------+---------------------------------------------------------------+
This panel reports FMAX for every clock in the design, regardless of the user-specified clock periods.  FMAX is only computed for paths where the source and destination registers or ports are driven by the same clock.  Paths of different clocks, including generated clocks, are ignored.  For paths between a clock and its inversion, FMAX is computed as if the rising and falling edges are scaled along with FMAX, such that the duty cycle (in terms of a percentage) is maintained. Altera recommends that you always use clock constraints and other slack reports for sign-off analysis.


----------------------------------
; Timing Closure Recommendations ;
----------------------------------
HTML report is unavailable in plain text report export.


+-------------------------------------+
; Slow 1200mV 85C Model Setup Summary ;
+-------+--------+--------------------+
; Clock ; Slack  ; End Point TNS      ;
+-------+--------+--------------------+
; clk   ; -0.268 ; -0.756             ;
+-------+--------+--------------------+


+------------------------------------+
; Slow 1200mV 85C Model Hold Summary ;
+-------+-------+--------------------+
; Clock ; Slack ; End Point TNS      ;
+-------+-------+--------------------+
; clk   ; 0.403 ; 0.000              ;
+-------+-------+--------------------+


------------------------------------------
; Slow 1200mV 85C Model Recovery Summary ;
------------------------------------------
No paths to report.


-----------------------------------------
; Slow 1200mV 85C Model Removal Summary ;
-----------------------------------------
No paths to report.


+---------------------------------------------------+
; Slow 1200mV 85C Model Minimum Pulse Width Summary ;
+-------+--------+----------------------------------+
; Clock ; Slack  ; End Point TNS                    ;
+-------+--------+----------------------------------+
; clk   ; -3.000 ; -9.425                           ;
+-------+--------+----------------------------------+


+------------------------------------------------------------------------------------------------------------+
; Slow 1200mV 85C Model Setup: 'clk'                                                                         ;
+--------+--------------+--------------+--------------+-------------+--------------+------------+------------+
; Slack  ; From Node    ; To Node      ; Launch Clock ; Latch Clock ; Relationship ; Clock Skew ; Data Delay ;
+--------+--------------+--------------+--------------+-------------+--------------+------------+------------+
; -0.268 ; data[1]~reg0 ; data[0]~reg0 ; clk          ; clk         ; 1.000        ; -0.080     ; 1.186      ;
; -0.251 ; data[4]~reg0 ; data[0]~reg0 ; clk          ; clk         ; 1.000        ; -0.080     ; 1.169      ;
; -0.249 ; data[4]~reg0 ; data[2]~reg0 ; clk          ; clk         ; 1.000        ; -0.080     ; 1.167      ;
; -0.239 ; data[3]~reg0 ; data[1]~reg0 ; clk          ; clk         ; 1.000        ; -0.080     ; 1.157      ;
; 0.069  ; data[1]~reg0 ; data[4]~reg0 ; clk          ; clk         ; 1.000        ; -0.080     ; 0.849      ;
; 0.070  ; data[1]~reg0 ; data[2]~reg0 ; clk          ; clk         ; 1.000        ; -0.080     ; 0.848      ;
; 0.086  ; data[0]~reg0 ; data[1]~reg0 ; clk          ; clk         ; 1.000        ; -0.080     ; 0.832      ;
; 0.087  ; data[0]~reg0 ; data[3]~reg0 ; clk          ; clk         ; 1.000        ; -0.080     ; 0.831      ;
; 0.098  ; data[2]~reg0 ; data[0]~reg0 ; clk          ; clk         ; 1.000        ; -0.080     ; 0.820      ;
; 0.153  ; data[0]~reg0 ; data[0]~reg0 ; clk          ; clk         ; 1.000        ; -0.080     ; 0.765      ;
; 0.153  ; data[2]~reg0 ; data[2]~reg0 ; clk          ; clk         ; 1.000        ; -0.080     ; 0.765      ;
; 0.153  ; data[1]~reg0 ; data[1]~reg0 ; clk          ; clk         ; 1.000        ; -0.080     ; 0.765      ;
; 0.153  ; data[4]~reg0 ; data[4]~reg0 ; clk          ; clk         ; 1.000        ; -0.080     ; 0.765      ;
; 0.153  ; data[3]~reg0 ; data[3]~reg0 ; clk          ; clk         ; 1.000        ; -0.080     ; 0.765      ;
+--------+--------------+--------------+--------------+-------------+--------------+------------+------------+


+-----------------------------------------------------------------------------------------------------------+
; Slow 1200mV 85C Model Hold: 'clk'                                                                         ;
+-------+--------------+--------------+--------------+-------------+--------------+------------+------------+
; Slack ; From Node    ; To Node      ; Launch Clock ; Latch Clock ; Relationship ; Clock Skew ; Data Delay ;
+-------+--------------+--------------+--------------+-------------+--------------+------------+------------+
; 0.403 ; data[0]~reg0 ; data[0]~reg0 ; clk          ; clk         ; 0.000        ; 0.080      ; 0.669      ;
; 0.403 ; data[3]~reg0 ; data[3]~reg0 ; clk          ; clk         ; 0.000        ; 0.080      ; 0.669      ;
; 0.403 ; data[1]~reg0 ; data[1]~reg0 ; clk          ; clk         ; 0.000        ; 0.080      ; 0.669      ;
; 0.403 ; data[2]~reg0 ; data[2]~reg0 ; clk          ; clk         ; 0.000        ; 0.080      ; 0.669      ;
; 0.403 ; data[4]~reg0 ; data[4]~reg0 ; clk          ; clk         ; 0.000        ; 0.080      ; 0.669      ;
; 0.443 ; data[2]~reg0 ; data[0]~reg0 ; clk          ; clk         ; 0.000        ; 0.080      ; 0.709      ;
; 0.450 ; data[0]~reg0 ; data[3]~reg0 ; clk          ; clk         ; 0.000        ; 0.080      ; 0.716      ;
; 0.451 ; data[0]~reg0 ; data[1]~reg0 ; clk          ; clk         ; 0.000        ; 0.080      ; 0.717      ;
; 0.460 ; data[1]~reg0 ; data[2]~reg0 ; clk          ; clk         ; 0.000        ; 0.080      ; 0.726      ;
; 0.461 ; data[1]~reg0 ; data[4]~reg0 ; clk          ; clk         ; 0.000        ; 0.080      ; 0.727      ;
; 0.665 ; data[3]~reg0 ; data[1]~reg0 ; clk          ; clk         ; 0.000        ; 0.080      ; 0.931      ;
; 0.671 ; data[4]~reg0 ; data[2]~reg0 ; clk          ; clk         ; 0.000        ; 0.080      ; 0.937      ;
; 0.672 ; data[4]~reg0 ; data[0]~reg0 ; clk          ; clk         ; 0.000        ; 0.080      ; 0.938      ;
; 0.677 ; data[1]~reg0 ; data[0]~reg0 ; clk          ; clk         ; 0.000        ; 0.080      ; 0.943      ;
+-------+--------------+--------------+--------------+-------------+--------------+------------+------------+


+------------------------------------------------------------------------------------------------------------+
; Slow 1200mV 85C Model Minimum Pulse Width: 'clk'                                                           ;
+--------+--------------+----------------+------------------+-------+------------+---------------------------+
; Slack  ; Actual Width ; Required Width ; Type             ; Clock ; Clock Edge ; Target                    ;
+--------+--------------+----------------+------------------+-------+------------+---------------------------+
; -3.000 ; 1.000        ; 4.000          ; Port Rate        ; clk   ; Rise       ; clk                       ;
; -1.285 ; 1.000        ; 2.285          ; Min Period       ; clk   ; Rise       ; data[0]~reg0              ;
; -1.285 ; 1.000        ; 2.285          ; Min Period       ; clk   ; Rise       ; data[1]~reg0              ;
; -1.285 ; 1.000        ; 2.285          ; Min Period       ; clk   ; Rise       ; data[2]~reg0              ;
; -1.285 ; 1.000        ; 2.285          ; Min Period       ; clk   ; Rise       ; data[3]~reg0              ;
; -1.285 ; 1.000        ; 2.285          ; Min Period       ; clk   ; Rise       ; data[4]~reg0              ;
; 0.255  ; 0.443        ; 0.188          ; Low Pulse Width  ; clk   ; Rise       ; data[0]~reg0              ;
; 0.255  ; 0.443        ; 0.188          ; Low Pulse Width  ; clk   ; Rise       ; data[1]~reg0              ;
; 0.255  ; 0.443        ; 0.188          ; Low Pulse Width  ; clk   ; Rise       ; data[2]~reg0              ;
; 0.255  ; 0.443        ; 0.188          ; Low Pulse Width  ; clk   ; Rise       ; data[3]~reg0              ;
; 0.255  ; 0.443        ; 0.188          ; Low Pulse Width  ; clk   ; Rise       ; data[4]~reg0              ;
; 0.336  ; 0.556        ; 0.220          ; High Pulse Width ; clk   ; Rise       ; data[0]~reg0              ;
; 0.336  ; 0.556        ; 0.220          ; High Pulse Width ; clk   ; Rise       ; data[1]~reg0              ;
; 0.336  ; 0.556        ; 0.220          ; High Pulse Width ; clk   ; Rise       ; data[2]~reg0              ;
; 0.336  ; 0.556        ; 0.220          ; High Pulse Width ; clk   ; Rise       ; data[3]~reg0              ;
; 0.336  ; 0.556        ; 0.220          ; High Pulse Width ; clk   ; Rise       ; data[4]~reg0              ;
; 0.394  ; 0.394        ; 0.000          ; Low Pulse Width  ; clk   ; Rise       ; clk~input|o               ;
; 0.408  ; 0.408        ; 0.000          ; Low Pulse Width  ; clk   ; Rise       ; clk~inputclkctrl|inclk[0] ;
; 0.408  ; 0.408        ; 0.000          ; Low Pulse Width  ; clk   ; Rise       ; clk~inputclkctrl|outclk   ;
; 0.408  ; 0.408        ; 0.000          ; Low Pulse Width  ; clk   ; Rise       ; data[0]~reg0|clk          ;
; 0.408  ; 0.408        ; 0.000          ; Low Pulse Width  ; clk   ; Rise       ; data[1]~reg0|clk          ;
; 0.408  ; 0.408        ; 0.000          ; Low Pulse Width  ; clk   ; Rise       ; data[2]~reg0|clk          ;
; 0.408  ; 0.408        ; 0.000          ; Low Pulse Width  ; clk   ; Rise       ; data[3]~reg0|clk          ;
; 0.408  ; 0.408        ; 0.000          ; Low Pulse Width  ; clk   ; Rise       ; data[4]~reg0|clk          ;
; 0.500  ; 0.500        ; 0.000          ; High Pulse Width ; clk   ; Rise       ; clk~input|i               ;
; 0.500  ; 0.500        ; 0.000          ; Low Pulse Width  ; clk   ; Rise       ; clk~input|i               ;
; 0.592  ; 0.592        ; 0.000          ; High Pulse Width ; clk   ; Rise       ; clk~inputclkctrl|inclk[0] ;
; 0.592  ; 0.592        ; 0.000          ; High Pulse Width ; clk   ; Rise       ; clk~inputclkctrl|outclk   ;
; 0.592  ; 0.592        ; 0.000          ; High Pulse Width ; clk   ; Rise       ; data[0]~reg0|clk          ;
; 0.592  ; 0.592        ; 0.000          ; High Pulse Width ; clk   ; Rise       ; data[1]~reg0|clk          ;
; 0.592  ; 0.592        ; 0.000          ; High Pulse Width ; clk   ; Rise       ; data[2]~reg0|clk          ;
; 0.592  ; 0.592        ; 0.000          ; High Pulse Width ; clk   ; Rise       ; data[3]~reg0|clk          ;
; 0.592  ; 0.592        ; 0.000          ; High Pulse Width ; clk   ; Rise       ; data[4]~reg0|clk          ;
; 0.606  ; 0.606        ; 0.000          ; High Pulse Width ; clk   ; Rise       ; clk~input|o               ;
+--------+--------------+----------------+------------------+-------+------------+---------------------------+


+-----------------------------------------------------------------------+
; Clock to Output Times                                                 ;
+-----------+------------+-------+-------+------------+-----------------+
; Data Port ; Clock Port ; Rise  ; Fall  ; Clock Edge ; Clock Reference ;
+-----------+------------+-------+-------+------------+-----------------+
; data[*]   ; clk        ; 8.218 ; 8.278 ; Rise       ; clk             ;
;  data[0]  ; clk        ; 8.218 ; 8.278 ; Rise       ; clk             ;
;  data[1]  ; clk        ; 6.699 ; 6.739 ; Rise       ; clk             ;
;  data[2]  ; clk        ; 6.711 ; 6.752 ; Rise       ; clk             ;
;  data[3]  ; clk        ; 7.425 ; 7.526 ; Rise       ; clk             ;
;  data[4]  ; clk        ; 7.183 ; 7.253 ; Rise       ; clk             ;
+-----------+------------+-------+-------+------------+-----------------+


+-----------------------------------------------------------------------+
; Minimum Clock to Output Times                                         ;
+-----------+------------+-------+-------+------------+-----------------+
; Data Port ; Clock Port ; Rise  ; Fall  ; Clock Edge ; Clock Reference ;
+-----------+------------+-------+-------+------------+-----------------+
; data[*]   ; clk        ; 6.475 ; 6.515 ; Rise       ; clk             ;
;  data[0]  ; clk        ; 7.936 ; 7.995 ; Rise       ; clk             ;
;  data[1]  ; clk        ; 6.475 ; 6.515 ; Rise       ; clk             ;
;  data[2]  ; clk        ; 6.486 ; 6.527 ; Rise       ; clk             ;
;  data[3]  ; clk        ; 7.172 ; 7.270 ; Rise       ; clk             ;
;  data[4]  ; clk        ; 6.940 ; 7.008 ; Rise       ; clk             ;
+-----------+------------+-------+-------+------------+-----------------+


-----------------------------------------------
; Slow 1200mV 85C Model Metastability Summary ;
-----------------------------------------------
No synchronizer chains to report.


+-----------------------------------------------------------------------------------------------------------+
; Slow 1200mV 0C Model Fmax Summary                                                                         ;
+------------+-----------------+------------+---------------------------------------------------------------+
; Fmax       ; Restricted Fmax ; Clock Name ; Note                                                          ;
+------------+-----------------+------------+---------------------------------------------------------------+
; 880.28 MHz ; 250.0 MHz       ; clk        ; limit due to minimum period restriction (max I/O toggle rate) ;
+------------+-----------------+------------+---------------------------------------------------------------+
This panel reports FMAX for every clock in the design, regardless of the user-specified clock periods.  FMAX is only computed for paths where the source and destination registers or ports are driven by the same clock.  Paths of different clocks, including generated clocks, are ignored.  For paths between a clock and its inversion, FMAX is computed as if the rising and falling edges are scaled along with FMAX, such that the duty cycle (in terms of a percentage) is maintained. Altera recommends that you always use clock constraints and other slack reports for sign-off analysis.


+------------------------------------+
; Slow 1200mV 0C Model Setup Summary ;
+-------+--------+-------------------+
; Clock ; Slack  ; End Point TNS     ;
+-------+--------+-------------------+
; clk   ; -0.136 ; -0.368            ;
+-------+--------+-------------------+


+-----------------------------------+
; Slow 1200mV 0C Model Hold Summary ;
+-------+-------+-------------------+
; Clock ; Slack ; End Point TNS     ;
+-------+-------+-------------------+
; clk   ; 0.354 ; 0.000             ;
+-------+-------+-------------------+


-----------------------------------------
; Slow 1200mV 0C Model Recovery Summary ;
-----------------------------------------
No paths to report.


----------------------------------------
; Slow 1200mV 0C Model Removal Summary ;
----------------------------------------
No paths to report.


+--------------------------------------------------+
; Slow 1200mV 0C Model Minimum Pulse Width Summary ;
+-------+--------+---------------------------------+
; Clock ; Slack  ; End Point TNS                   ;
+-------+--------+---------------------------------+
; clk   ; -3.000 ; -9.425                          ;
+-------+--------+---------------------------------+


+------------------------------------------------------------------------------------------------------------+
; Slow 1200mV 0C Model Setup: 'clk'                                                                          ;
+--------+--------------+--------------+--------------+-------------+--------------+------------+------------+
; Slack  ; From Node    ; To Node      ; Launch Clock ; Latch Clock ; Relationship ; Clock Skew ; Data Delay ;
+--------+--------------+--------------+--------------+-------------+--------------+------------+------------+
; -0.136 ; data[1]~reg0 ; data[0]~reg0 ; clk          ; clk         ; 1.000        ; -0.072     ; 1.063      ;
; -0.122 ; data[4]~reg0 ; data[0]~reg0 ; clk          ; clk         ; 1.000        ; -0.072     ; 1.049      ;
; -0.120 ; data[4]~reg0 ; data[2]~reg0 ; clk          ; clk         ; 1.000        ; -0.072     ; 1.047      ;
; -0.112 ; data[3]~reg0 ; data[1]~reg0 ; clk          ; clk         ; 1.000        ; -0.072     ; 1.039      ;
; 0.155  ; data[1]~reg0 ; data[4]~reg0 ; clk          ; clk         ; 1.000        ; -0.072     ; 0.772      ;
; 0.156  ; data[1]~reg0 ; data[2]~reg0 ; clk          ; clk         ; 1.000        ; -0.072     ; 0.771      ;
; 0.172  ; data[0]~reg0 ; data[3]~reg0 ; clk          ; clk         ; 1.000        ; -0.072     ; 0.755      ;
; 0.172  ; data[0]~reg0 ; data[1]~reg0 ; clk          ; clk         ; 1.000        ; -0.072     ; 0.755      ;
; 0.182  ; data[2]~reg0 ; data[0]~reg0 ; clk          ; clk         ; 1.000        ; -0.072     ; 0.745      ;
; 0.244  ; data[0]~reg0 ; data[0]~reg0 ; clk          ; clk         ; 1.000        ; -0.072     ; 0.683      ;
; 0.244  ; data[2]~reg0 ; data[2]~reg0 ; clk          ; clk         ; 1.000        ; -0.072     ; 0.683      ;
; 0.244  ; data[1]~reg0 ; data[1]~reg0 ; clk          ; clk         ; 1.000        ; -0.072     ; 0.683      ;
; 0.244  ; data[4]~reg0 ; data[4]~reg0 ; clk          ; clk         ; 1.000        ; -0.072     ; 0.683      ;
; 0.244  ; data[3]~reg0 ; data[3]~reg0 ; clk          ; clk         ; 1.000        ; -0.072     ; 0.683      ;
+--------+--------------+--------------+--------------+-------------+--------------+------------+------------+


+-----------------------------------------------------------------------------------------------------------+
; Slow 1200mV 0C Model Hold: 'clk'                                                                          ;
+-------+--------------+--------------+--------------+-------------+--------------+------------+------------+
; Slack ; From Node    ; To Node      ; Launch Clock ; Latch Clock ; Relationship ; Clock Skew ; Data Delay ;
+-------+--------------+--------------+--------------+-------------+--------------+------------+------------+
; 0.354 ; data[0]~reg0 ; data[0]~reg0 ; clk          ; clk         ; 0.000        ; 0.072      ; 0.597      ;
; 0.354 ; data[3]~reg0 ; data[3]~reg0 ; clk          ; clk         ; 0.000        ; 0.072      ; 0.597      ;
; 0.354 ; data[1]~reg0 ; data[1]~reg0 ; clk          ; clk         ; 0.000        ; 0.072      ; 0.597      ;
; 0.354 ; data[2]~reg0 ; data[2]~reg0 ; clk          ; clk         ; 0.000        ; 0.072      ; 0.597      ;
; 0.354 ; data[4]~reg0 ; data[4]~reg0 ; clk          ; clk         ; 0.000        ; 0.072      ; 0.597      ;
; 0.400 ; data[2]~reg0 ; data[0]~reg0 ; clk          ; clk         ; 0.000        ; 0.072      ; 0.643      ;
; 0.407 ; data[0]~reg0 ; data[3]~reg0 ; clk          ; clk         ; 0.000        ; 0.072      ; 0.650      ;
; 0.407 ; data[0]~reg0 ; data[1]~reg0 ; clk          ; clk         ; 0.000        ; 0.072      ; 0.650      ;
; 0.417 ; data[1]~reg0 ; data[2]~reg0 ; clk          ; clk         ; 0.000        ; 0.072      ; 0.660      ;
; 0.418 ; data[1]~reg0 ; data[4]~reg0 ; clk          ; clk         ; 0.000        ; 0.072      ; 0.661      ;
; 0.608 ; data[3]~reg0 ; data[1]~reg0 ; clk          ; clk         ; 0.000        ; 0.072      ; 0.851      ;
; 0.613 ; data[4]~reg0 ; data[2]~reg0 ; clk          ; clk         ; 0.000        ; 0.072      ; 0.856      ;
; 0.614 ; data[4]~reg0 ; data[0]~reg0 ; clk          ; clk         ; 0.000        ; 0.072      ; 0.857      ;
; 0.617 ; data[1]~reg0 ; data[0]~reg0 ; clk          ; clk         ; 0.000        ; 0.072      ; 0.860      ;
+-------+--------------+--------------+--------------+-------------+--------------+------------+------------+


+------------------------------------------------------------------------------------------------------------+
; Slow 1200mV 0C Model Minimum Pulse Width: 'clk'                                                            ;
+--------+--------------+----------------+------------------+-------+------------+---------------------------+
; Slack  ; Actual Width ; Required Width ; Type             ; Clock ; Clock Edge ; Target                    ;
+--------+--------------+----------------+------------------+-------+------------+---------------------------+
; -3.000 ; 1.000        ; 4.000          ; Port Rate        ; clk   ; Rise       ; clk                       ;
; -1.285 ; 1.000        ; 2.285          ; Min Period       ; clk   ; Rise       ; data[0]~reg0              ;
; -1.285 ; 1.000        ; 2.285          ; Min Period       ; clk   ; Rise       ; data[1]~reg0              ;
; -1.285 ; 1.000        ; 2.285          ; Min Period       ; clk   ; Rise       ; data[2]~reg0              ;
; -1.285 ; 1.000        ; 2.285          ; Min Period       ; clk   ; Rise       ; data[3]~reg0              ;
; -1.285 ; 1.000        ; 2.285          ; Min Period       ; clk   ; Rise       ; data[4]~reg0              ;
; 0.276  ; 0.462        ; 0.186          ; Low Pulse Width  ; clk   ; Rise       ; data[0]~reg0              ;
; 0.276  ; 0.462        ; 0.186          ; Low Pulse Width  ; clk   ; Rise       ; data[1]~reg0              ;
; 0.276  ; 0.462        ; 0.186          ; Low Pulse Width  ; clk   ; Rise       ; data[2]~reg0              ;
; 0.276  ; 0.462        ; 0.186          ; Low Pulse Width  ; clk   ; Rise       ; data[3]~reg0              ;
; 0.276  ; 0.462        ; 0.186          ; Low Pulse Width  ; clk   ; Rise       ; data[4]~reg0              ;
; 0.317  ; 0.535        ; 0.218          ; High Pulse Width ; clk   ; Rise       ; data[0]~reg0              ;
; 0.317  ; 0.535        ; 0.218          ; High Pulse Width ; clk   ; Rise       ; data[1]~reg0              ;
; 0.317  ; 0.535        ; 0.218          ; High Pulse Width ; clk   ; Rise       ; data[2]~reg0              ;
; 0.317  ; 0.535        ; 0.218          ; High Pulse Width ; clk   ; Rise       ; data[3]~reg0              ;
; 0.317  ; 0.535        ; 0.218          ; High Pulse Width ; clk   ; Rise       ; data[4]~reg0              ;
; 0.416  ; 0.416        ; 0.000          ; Low Pulse Width  ; clk   ; Rise       ; clk~input|o               ;
; 0.422  ; 0.422        ; 0.000          ; Low Pulse Width  ; clk   ; Rise       ; clk~inputclkctrl|inclk[0] ;
; 0.422  ; 0.422        ; 0.000          ; Low Pulse Width  ; clk   ; Rise       ; clk~inputclkctrl|outclk   ;
; 0.424  ; 0.424        ; 0.000          ; Low Pulse Width  ; clk   ; Rise       ; data[0]~reg0|clk          ;
; 0.424  ; 0.424        ; 0.000          ; Low Pulse Width  ; clk   ; Rise       ; data[1]~reg0|clk          ;
; 0.424  ; 0.424        ; 0.000          ; Low Pulse Width  ; clk   ; Rise       ; data[2]~reg0|clk          ;
; 0.424  ; 0.424        ; 0.000          ; Low Pulse Width  ; clk   ; Rise       ; data[3]~reg0|clk          ;
; 0.424  ; 0.424        ; 0.000          ; Low Pulse Width  ; clk   ; Rise       ; data[4]~reg0|clk          ;
; 0.500  ; 0.500        ; 0.000          ; High Pulse Width ; clk   ; Rise       ; clk~input|i               ;
; 0.500  ; 0.500        ; 0.000          ; Low Pulse Width  ; clk   ; Rise       ; clk~input|i               ;
; 0.575  ; 0.575        ; 0.000          ; High Pulse Width ; clk   ; Rise       ; data[0]~reg0|clk          ;
; 0.575  ; 0.575        ; 0.000          ; High Pulse Width ; clk   ; Rise       ; data[1]~reg0|clk          ;
; 0.575  ; 0.575        ; 0.000          ; High Pulse Width ; clk   ; Rise       ; data[2]~reg0|clk          ;
; 0.575  ; 0.575        ; 0.000          ; High Pulse Width ; clk   ; Rise       ; data[3]~reg0|clk          ;
; 0.575  ; 0.575        ; 0.000          ; High Pulse Width ; clk   ; Rise       ; data[4]~reg0|clk          ;
; 0.578  ; 0.578        ; 0.000          ; High Pulse Width ; clk   ; Rise       ; clk~inputclkctrl|inclk[0] ;
; 0.578  ; 0.578        ; 0.000          ; High Pulse Width ; clk   ; Rise       ; clk~inputclkctrl|outclk   ;
; 0.584  ; 0.584        ; 0.000          ; High Pulse Width ; clk   ; Rise       ; clk~input|o               ;
+--------+--------------+----------------+------------------+-------+------------+---------------------------+


+-----------------------------------------------------------------------+
; Clock to Output Times                                                 ;
+-----------+------------+-------+-------+------------+-----------------+
; Data Port ; Clock Port ; Rise  ; Fall  ; Clock Edge ; Clock Reference ;
+-----------+------------+-------+-------+------------+-----------------+
; data[*]   ; clk        ; 7.381 ; 7.538 ; Rise       ; clk             ;
;  data[0]  ; clk        ; 7.381 ; 7.538 ; Rise       ; clk             ;
;  data[1]  ; clk        ; 6.013 ; 6.063 ; Rise       ; clk             ;
;  data[2]  ; clk        ; 6.026 ; 6.073 ; Rise       ; clk             ;
;  data[3]  ; clk        ; 6.668 ; 6.802 ; Rise       ; clk             ;
;  data[4]  ; clk        ; 6.444 ; 6.556 ; Rise       ; clk             ;
+-----------+------------+-------+-------+------------+-----------------+


+-----------------------------------------------------------------------+
; Minimum Clock to Output Times                                         ;
+-----------+------------+-------+-------+------------+-----------------+
; Data Port ; Clock Port ; Rise  ; Fall  ; Clock Edge ; Clock Reference ;
+-----------+------------+-------+-------+------------+-----------------+
; data[*]   ; clk        ; 5.796 ; 5.844 ; Rise       ; clk             ;
;  data[0]  ; clk        ; 7.111 ; 7.263 ; Rise       ; clk             ;
;  data[1]  ; clk        ; 5.796 ; 5.844 ; Rise       ; clk             ;
;  data[2]  ; clk        ; 5.808 ; 5.854 ; Rise       ; clk             ;
;  data[3]  ; clk        ; 6.424 ; 6.553 ; Rise       ; clk             ;
;  data[4]  ; clk        ; 6.210 ; 6.317 ; Rise       ; clk             ;
+-----------+------------+-------+-------+------------+-----------------+


----------------------------------------------
; Slow 1200mV 0C Model Metastability Summary ;
----------------------------------------------
No synchronizer chains to report.


+------------------------------------+
; Fast 1200mV 0C Model Setup Summary ;
+-------+-------+--------------------+
; Clock ; Slack ; End Point TNS      ;
+-------+-------+--------------------+
; clk   ; 0.379 ; 0.000              ;
+-------+-------+--------------------+


+-----------------------------------+
; Fast 1200mV 0C Model Hold Summary ;
+-------+-------+-------------------+
; Clock ; Slack ; End Point TNS     ;
+-------+-------+-------------------+
; clk   ; 0.182 ; 0.000             ;
+-------+-------+-------------------+


-----------------------------------------
; Fast 1200mV 0C Model Recovery Summary ;
-----------------------------------------
No paths to report.


----------------------------------------
; Fast 1200mV 0C Model Removal Summary ;
----------------------------------------
No paths to report.


+--------------------------------------------------+
; Fast 1200mV 0C Model Minimum Pulse Width Summary ;
+-------+--------+---------------------------------+
; Clock ; Slack  ; End Point TNS                   ;
+-------+--------+---------------------------------+
; clk   ; -3.000 ; -8.305                          ;
+-------+--------+---------------------------------+


+-----------------------------------------------------------------------------------------------------------+
; Fast 1200mV 0C Model Setup: 'clk'                                                                         ;
+-------+--------------+--------------+--------------+-------------+--------------+------------+------------+
; Slack ; From Node    ; To Node      ; Launch Clock ; Latch Clock ; Relationship ; Clock Skew ; Data Delay ;
+-------+--------------+--------------+--------------+-------------+--------------+------------+------------+
; 0.379 ; data[1]~reg0 ; data[0]~reg0 ; clk          ; clk         ; 1.000        ; -0.041     ; 0.567      ;
; 0.385 ; data[4]~reg0 ; data[0]~reg0 ; clk          ; clk         ; 1.000        ; -0.041     ; 0.561      ;
; 0.387 ; data[4]~reg0 ; data[2]~reg0 ; clk          ; clk         ; 1.000        ; -0.041     ; 0.559      ;
; 0.392 ; data[3]~reg0 ; data[1]~reg0 ; clk          ; clk         ; 1.000        ; -0.041     ; 0.554      ;
; 0.544 ; data[1]~reg0 ; data[4]~reg0 ; clk          ; clk         ; 1.000        ; -0.041     ; 0.402      ;
; 0.545 ; data[1]~reg0 ; data[2]~reg0 ; clk          ; clk         ; 1.000        ; -0.041     ; 0.401      ;
; 0.555 ; data[0]~reg0 ; data[1]~reg0 ; clk          ; clk         ; 1.000        ; -0.041     ; 0.391      ;
; 0.556 ; data[0]~reg0 ; data[3]~reg0 ; clk          ; clk         ; 1.000        ; -0.041     ; 0.390      ;
; 0.561 ; data[2]~reg0 ; data[0]~reg0 ; clk          ; clk         ; 1.000        ; -0.041     ; 0.385      ;
; 0.587 ; data[0]~reg0 ; data[0]~reg0 ; clk          ; clk         ; 1.000        ; -0.041     ; 0.359      ;
; 0.587 ; data[2]~reg0 ; data[2]~reg0 ; clk          ; clk         ; 1.000        ; -0.041     ; 0.359      ;
; 0.587 ; data[1]~reg0 ; data[1]~reg0 ; clk          ; clk         ; 1.000        ; -0.041     ; 0.359      ;
; 0.587 ; data[4]~reg0 ; data[4]~reg0 ; clk          ; clk         ; 1.000        ; -0.041     ; 0.359      ;
; 0.587 ; data[3]~reg0 ; data[3]~reg0 ; clk          ; clk         ; 1.000        ; -0.041     ; 0.359      ;
+-------+--------------+--------------+--------------+-------------+--------------+------------+------------+


+-----------------------------------------------------------------------------------------------------------+
; Fast 1200mV 0C Model Hold: 'clk'                                                                          ;
+-------+--------------+--------------+--------------+-------------+--------------+------------+------------+
; Slack ; From Node    ; To Node      ; Launch Clock ; Latch Clock ; Relationship ; Clock Skew ; Data Delay ;
+-------+--------------+--------------+--------------+-------------+--------------+------------+------------+
; 0.182 ; data[0]~reg0 ; data[0]~reg0 ; clk          ; clk         ; 0.000        ; 0.041      ; 0.307      ;
; 0.182 ; data[3]~reg0 ; data[3]~reg0 ; clk          ; clk         ; 0.000        ; 0.041      ; 0.307      ;
; 0.182 ; data[1]~reg0 ; data[1]~reg0 ; clk          ; clk         ; 0.000        ; 0.041      ; 0.307      ;
; 0.182 ; data[2]~reg0 ; data[2]~reg0 ; clk          ; clk         ; 0.000        ; 0.041      ; 0.307      ;
; 0.182 ; data[4]~reg0 ; data[4]~reg0 ; clk          ; clk         ; 0.000        ; 0.041      ; 0.307      ;
; 0.201 ; data[2]~reg0 ; data[0]~reg0 ; clk          ; clk         ; 0.000        ; 0.041      ; 0.326      ;
; 0.204 ; data[0]~reg0 ; data[3]~reg0 ; clk          ; clk         ; 0.000        ; 0.041      ; 0.329      ;
; 0.205 ; data[0]~reg0 ; data[1]~reg0 ; clk          ; clk         ; 0.000        ; 0.041      ; 0.330      ;
; 0.211 ; data[1]~reg0 ; data[2]~reg0 ; clk          ; clk         ; 0.000        ; 0.041      ; 0.336      ;
; 0.212 ; data[1]~reg0 ; data[4]~reg0 ; clk          ; clk         ; 0.000        ; 0.041      ; 0.337      ;
; 0.304 ; data[3]~reg0 ; data[1]~reg0 ; clk          ; clk         ; 0.000        ; 0.041      ; 0.429      ;
; 0.307 ; data[4]~reg0 ; data[2]~reg0 ; clk          ; clk         ; 0.000        ; 0.041      ; 0.432      ;
; 0.308 ; data[4]~reg0 ; data[0]~reg0 ; clk          ; clk         ; 0.000        ; 0.041      ; 0.433      ;
; 0.311 ; data[1]~reg0 ; data[0]~reg0 ; clk          ; clk         ; 0.000        ; 0.041      ; 0.436      ;
+-------+--------------+--------------+--------------+-------------+--------------+------------+------------+


+------------------------------------------------------------------------------------------------------------+
; Fast 1200mV 0C Model Minimum Pulse Width: 'clk'                                                            ;
+--------+--------------+----------------+------------------+-------+------------+---------------------------+
; Slack  ; Actual Width ; Required Width ; Type             ; Clock ; Clock Edge ; Target                    ;
+--------+--------------+----------------+------------------+-------+------------+---------------------------+
; -3.000 ; 1.000        ; 4.000          ; Port Rate        ; clk   ; Rise       ; clk                       ;
; -1.000 ; 1.000        ; 2.000          ; Min Period       ; clk   ; Rise       ; data[0]~reg0              ;
; -1.000 ; 1.000        ; 2.000          ; Min Period       ; clk   ; Rise       ; data[1]~reg0              ;
; -1.000 ; 1.000        ; 2.000          ; Min Period       ; clk   ; Rise       ; data[2]~reg0              ;
; -1.000 ; 1.000        ; 2.000          ; Min Period       ; clk   ; Rise       ; data[3]~reg0              ;
; -1.000 ; 1.000        ; 2.000          ; Min Period       ; clk   ; Rise       ; data[4]~reg0              ;
; -0.061 ; 0.123        ; 0.184          ; Low Pulse Width  ; clk   ; Rise       ; data[0]~reg0              ;
; -0.061 ; 0.123        ; 0.184          ; Low Pulse Width  ; clk   ; Rise       ; data[1]~reg0              ;
; -0.061 ; 0.123        ; 0.184          ; Low Pulse Width  ; clk   ; Rise       ; data[2]~reg0              ;
; -0.061 ; 0.123        ; 0.184          ; Low Pulse Width  ; clk   ; Rise       ; data[3]~reg0              ;
; -0.061 ; 0.123        ; 0.184          ; Low Pulse Width  ; clk   ; Rise       ; data[4]~reg0              ;
; 0.119  ; 0.119        ; 0.000          ; Low Pulse Width  ; clk   ; Rise       ; data[0]~reg0|clk          ;
; 0.119  ; 0.119        ; 0.000          ; Low Pulse Width  ; clk   ; Rise       ; data[1]~reg0|clk          ;
; 0.119  ; 0.119        ; 0.000          ; Low Pulse Width  ; clk   ; Rise       ; data[2]~reg0|clk          ;
; 0.119  ; 0.119        ; 0.000          ; Low Pulse Width  ; clk   ; Rise       ; data[3]~reg0|clk          ;
; 0.119  ; 0.119        ; 0.000          ; Low Pulse Width  ; clk   ; Rise       ; data[4]~reg0|clk          ;
; 0.120  ; 0.120        ; 0.000          ; Low Pulse Width  ; clk   ; Rise       ; clk~input|o               ;
; 0.133  ; 0.133        ; 0.000          ; Low Pulse Width  ; clk   ; Rise       ; clk~inputclkctrl|inclk[0] ;
; 0.133  ; 0.133        ; 0.000          ; Low Pulse Width  ; clk   ; Rise       ; clk~inputclkctrl|outclk   ;
; 0.500  ; 0.500        ; 0.000          ; High Pulse Width ; clk   ; Rise       ; clk~input|i               ;
; 0.500  ; 0.500        ; 0.000          ; Low Pulse Width  ; clk   ; Rise       ; clk~input|i               ;
; 0.659  ; 0.875        ; 0.216          ; High Pulse Width ; clk   ; Rise       ; data[0]~reg0              ;
; 0.659  ; 0.875        ; 0.216          ; High Pulse Width ; clk   ; Rise       ; data[1]~reg0              ;
; 0.659  ; 0.875        ; 0.216          ; High Pulse Width ; clk   ; Rise       ; data[2]~reg0              ;
; 0.659  ; 0.875        ; 0.216          ; High Pulse Width ; clk   ; Rise       ; data[3]~reg0              ;
; 0.659  ; 0.875        ; 0.216          ; High Pulse Width ; clk   ; Rise       ; data[4]~reg0              ;
; 0.866  ; 0.866        ; 0.000          ; High Pulse Width ; clk   ; Rise       ; clk~inputclkctrl|inclk[0] ;
; 0.866  ; 0.866        ; 0.000          ; High Pulse Width ; clk   ; Rise       ; clk~inputclkctrl|outclk   ;
; 0.880  ; 0.880        ; 0.000          ; High Pulse Width ; clk   ; Rise       ; clk~input|o               ;
; 0.881  ; 0.881        ; 0.000          ; High Pulse Width ; clk   ; Rise       ; data[0]~reg0|clk          ;
; 0.881  ; 0.881        ; 0.000          ; High Pulse Width ; clk   ; Rise       ; data[1]~reg0|clk          ;
; 0.881  ; 0.881        ; 0.000          ; High Pulse Width ; clk   ; Rise       ; data[2]~reg0|clk          ;
; 0.881  ; 0.881        ; 0.000          ; High Pulse Width ; clk   ; Rise       ; data[3]~reg0|clk          ;
; 0.881  ; 0.881        ; 0.000          ; High Pulse Width ; clk   ; Rise       ; data[4]~reg0|clk          ;
+--------+--------------+----------------+------------------+-------+------------+---------------------------+


+-----------------------------------------------------------------------+
; Clock to Output Times                                                 ;
+-----------+------------+-------+-------+------------+-----------------+
; Data Port ; Clock Port ; Rise  ; Fall  ; Clock Edge ; Clock Reference ;
+-----------+------------+-------+-------+------------+-----------------+
; data[*]   ; clk        ; 4.491 ; 4.345 ; Rise       ; clk             ;
;  data[0]  ; clk        ; 4.491 ; 4.345 ; Rise       ; clk             ;
;  data[1]  ; clk        ; 3.607 ; 3.568 ; Rise       ; clk             ;
;  data[2]  ; clk        ; 3.615 ; 3.575 ; Rise       ; clk             ;
;  data[3]  ; clk        ; 4.013 ; 3.943 ; Rise       ; clk             ;
;  data[4]  ; clk        ; 3.874 ; 3.807 ; Rise       ; clk             ;
+-----------+------------+-------+-------+------------+-----------------+


+-----------------------------------------------------------------------+
; Minimum Clock to Output Times                                         ;
+-----------+------------+-------+-------+------------+-----------------+
; Data Port ; Clock Port ; Rise  ; Fall  ; Clock Edge ; Clock Reference ;
+-----------+------------+-------+-------+------------+-----------------+
; data[*]   ; clk        ; 3.489 ; 3.451 ; Rise       ; clk             ;
;  data[0]  ; clk        ; 4.340 ; 4.200 ; Rise       ; clk             ;
;  data[1]  ; clk        ; 3.489 ; 3.451 ; Rise       ; clk             ;
;  data[2]  ; clk        ; 3.497 ; 3.458 ; Rise       ; clk             ;
;  data[3]  ; clk        ; 3.879 ; 3.812 ; Rise       ; clk             ;
;  data[4]  ; clk        ; 3.745 ; 3.681 ; Rise       ; clk             ;
+-----------+------------+-------+-------+------------+-----------------+


----------------------------------------------
; Fast 1200mV 0C Model Metastability Summary ;
----------------------------------------------
No synchronizer chains to report.


+------------------------------------------------------------------------------+
; Multicorner Timing Analysis Summary                                          ;
+------------------+--------+-------+----------+---------+---------------------+
; Clock            ; Setup  ; Hold  ; Recovery ; Removal ; Minimum Pulse Width ;
+------------------+--------+-------+----------+---------+---------------------+
; Worst-case Slack ; -0.268 ; 0.182 ; N/A      ; N/A     ; -3.000              ;
;  clk             ; -0.268 ; 0.182 ; N/A      ; N/A     ; -3.000              ;
; Design-wide TNS  ; -0.756 ; 0.0   ; 0.0      ; 0.0     ; -9.425              ;
;  clk             ; -0.756 ; 0.000 ; N/A      ; N/A     ; -9.425              ;
+------------------+--------+-------+----------+---------+---------------------+


+-----------------------------------------------------------------------+
; Clock to Output Times                                                 ;
+-----------+------------+-------+-------+------------+-----------------+
; Data Port ; Clock Port ; Rise  ; Fall  ; Clock Edge ; Clock Reference ;
+-----------+------------+-------+-------+------------+-----------------+
; data[*]   ; clk        ; 8.218 ; 8.278 ; Rise       ; clk             ;
;  data[0]  ; clk        ; 8.218 ; 8.278 ; Rise       ; clk             ;
;  data[1]  ; clk        ; 6.699 ; 6.739 ; Rise       ; clk             ;
;  data[2]  ; clk        ; 6.711 ; 6.752 ; Rise       ; clk             ;
;  data[3]  ; clk        ; 7.425 ; 7.526 ; Rise       ; clk             ;
;  data[4]  ; clk        ; 7.183 ; 7.253 ; Rise       ; clk             ;
+-----------+------------+-------+-------+------------+-----------------+


+-----------------------------------------------------------------------+
; Minimum Clock to Output Times                                         ;
+-----------+------------+-------+-------+------------+-----------------+
; Data Port ; Clock Port ; Rise  ; Fall  ; Clock Edge ; Clock Reference ;
+-----------+------------+-------+-------+------------+-----------------+
; data[*]   ; clk        ; 3.489 ; 3.451 ; Rise       ; clk             ;
;  data[0]  ; clk        ; 4.340 ; 4.200 ; Rise       ; clk             ;
;  data[1]  ; clk        ; 3.489 ; 3.451 ; Rise       ; clk             ;
;  data[2]  ; clk        ; 3.497 ; 3.458 ; Rise       ; clk             ;
;  data[3]  ; clk        ; 3.879 ; 3.812 ; Rise       ; clk             ;
;  data[4]  ; clk        ; 3.745 ; 3.681 ; Rise       ; clk             ;
+-----------+------------+-------+-------+------------+-----------------+


+------------------------------------------------------------------------------------------------------------------------------------------------------------------------------------------------------------------------------------------------------------------------------------------------------------------------------------------------------------------------------------------------------------------+
; Board Trace Model Assignments                                                                                                                                                                                                                                                                                                                                                                                    ;
+---------------+--------------+-------------------+-------------------------+-------------------------+---------------+---------------------+----------------+------------------+--------+------------------+------------------------+------------------------+--------------+---------------+-----------------+-------+---------------------+--------------------+---------------+-----------------+-------------+
; Pin           ; I/O Standard ; Near Tline Length ; Near Tline L per Length ; Near Tline C per Length ; Near Series R ; Near Differential R ; Near Pull-up R ; Near Pull-down R ; Near C ; Far Tline Length ; Far Tline L per Length ; Far Tline C per Length ; Far Series R ; Far Pull-up R ; Far Pull-down R ; Far C ; Termination Voltage ; Far Differential R ; EBD File Name ; EBD Signal Name ; EBD Far-end ;
+---------------+--------------+-------------------+-------------------------+-------------------------+---------------+---------------------+----------------+------------------+--------+------------------+------------------------+------------------------+--------------+---------------+-----------------+-------+---------------------+--------------------+---------------+-----------------+-------------+
; data[0]       ; 2.5 V        ; 0 in              ; 0 H/in                  ; 0 F/in                  ; short         ; -                   ; open           ; open             ; open   ; 0 in             ; 0 H/in                 ; 0 F/in                 ; short        ; open          ; open            ; open  ; 0 V                 ; -                  ; n/a           ; n/a             ; n/a         ;
; data[1]       ; 2.5 V        ; 0 in              ; 0 H/in                  ; 0 F/in                  ; short         ; -                   ; open           ; open             ; open   ; 0 in             ; 0 H/in                 ; 0 F/in                 ; short        ; open          ; open            ; open  ; 0 V                 ; -                  ; n/a           ; n/a             ; n/a         ;
; data[2]       ; 2.5 V        ; 0 in              ; 0 H/in                  ; 0 F/in                  ; short         ; -                   ; open           ; open             ; open   ; 0 in             ; 0 H/in                 ; 0 F/in                 ; short        ; open          ; open            ; open  ; 0 V                 ; -                  ; n/a           ; n/a             ; n/a         ;
; data[3]       ; 2.5 V        ; 0 in              ; 0 H/in                  ; 0 F/in                  ; short         ; -                   ; open           ; open             ; open   ; 0 in             ; 0 H/in                 ; 0 F/in                 ; short        ; open          ; open            ; open  ; 0 V                 ; -                  ; n/a           ; n/a             ; n/a         ;
; data[4]       ; 2.5 V        ; 0 in              ; 0 H/in                  ; 0 F/in                  ; short         ; -                   ; open           ; open             ; open   ; 0 in             ; 0 H/in                 ; 0 F/in                 ; short        ; open          ; open            ; open  ; 0 V                 ; -                  ; n/a           ; n/a             ; n/a         ;
; ~ALTERA_DCLK~ ; 2.5 V        ; 0 in              ; 0 H/in                  ; 0 F/in                  ; short         ; -                   ; open           ; open             ; open   ; 0 in             ; 0 H/in                 ; 0 F/in                 ; short        ; open          ; open            ; open  ; 0 V                 ; -                  ; n/a           ; n/a             ; n/a         ;
; ~ALTERA_nCEO~ ; 2.5 V        ; 0 in              ; 0 H/in                  ; 0 F/in                  ; short         ; -                   ; open           ; open             ; open   ; 0 in             ; 0 H/in                 ; 0 F/in                 ; short        ; open          ; open            ; open  ; 0 V                 ; -                  ; n/a           ; n/a             ; n/a         ;
+---------------+--------------+-------------------+-------------------------+-------------------------+---------------+---------------------+----------------+------------------+--------+------------------+------------------------+------------------------+--------------+---------------+-----------------+-------+---------------------+--------------------+---------------+-----------------+-------------+


+----------------------------------------------------------------------------+
; Input Transition Times                                                     ;
+-------------------------+--------------+-----------------+-----------------+
; Pin                     ; I/O Standard ; 10-90 Rise Time ; 90-10 Fall Time ;
+-------------------------+--------------+-----------------+-----------------+
; clk                     ; 2.5 V        ; 2000 ps         ; 2000 ps         ;
; rst_n                   ; 2.5 V        ; 2000 ps         ; 2000 ps         ;
; ~ALTERA_ASDO_DATA1~     ; 2.5 V        ; 2000 ps         ; 2000 ps         ;
; ~ALTERA_FLASH_nCE_nCSO~ ; 2.5 V        ; 2000 ps         ; 2000 ps         ;
; ~ALTERA_DATA0~          ; 2.5 V        ; 2000 ps         ; 2000 ps         ;
+-------------------------+--------------+-----------------+-----------------+


+--------------------------------------------------------------------------------------------------------------------------------------------------------------------------------------------------------------------------------------------------------------------------------------------------------------------------------------------------------------------------------------------------------------------------------------------------------------------------------------------------------------------------------------------------------------------------------------------------------------------------------------------------------------------------------------------+
; Signal Integrity Metrics (Slow 1200mv 0c Model)                                                                                                                                                                                                                                                                                                                                                                                                                                                                                                                                                                                                                                            ;
+---------------+--------------+---------------------+---------------------+------------------------------+------------------------------+---------------------+---------------------+--------------------------------------+--------------------------------------+-----------------------------+-----------------------------+----------------------------+----------------------------+-----------------------------+-----------------------------+--------------------+--------------------+-------------------------------------+-------------------------------------+----------------------------+----------------------------+---------------------------+---------------------------+
; Pin           ; I/O Standard ; Board Delay on Rise ; Board Delay on Fall ; Steady State Voh at FPGA Pin ; Steady State Vol at FPGA Pin ; Voh Max at FPGA Pin ; Vol Min at FPGA Pin ; Ringback Voltage on Rise at FPGA Pin ; Ringback Voltage on Fall at FPGA Pin ; 10-90 Rise Time at FPGA Pin ; 90-10 Fall Time at FPGA Pin ; Monotonic Rise at FPGA Pin ; Monotonic Fall at FPGA Pin ; Steady State Voh at Far-end ; Steady State Vol at Far-end ; Voh Max at Far-end ; Vol Min at Far-end ; Ringback Voltage on Rise at Far-end ; Ringback Voltage on Fall at Far-end ; 10-90 Rise Time at Far-end ; 90-10 Fall Time at Far-end ; Monotonic Rise at Far-end ; Monotonic Fall at Far-end ;
+---------------+--------------+---------------------+---------------------+------------------------------+------------------------------+---------------------+---------------------+--------------------------------------+--------------------------------------+-----------------------------+-----------------------------+----------------------------+----------------------------+-----------------------------+-----------------------------+--------------------+--------------------+-------------------------------------+-------------------------------------+----------------------------+----------------------------+---------------------------+---------------------------+
; data[0]       ; 2.5 V        ; 0 s                 ; 0 s                 ; 2.32 V                       ; 4.49e-09 V                   ; 2.38 V              ; -0.00552 V          ; 0.096 V                              ; 0.019 V                              ; 4.18e-10 s                  ; 3.59e-10 s                  ; No                         ; Yes                        ; 2.32 V                      ; 4.49e-09 V                  ; 2.38 V             ; -0.00552 V         ; 0.096 V                             ; 0.019 V                             ; 4.18e-10 s                 ; 3.59e-10 s                 ; No                        ; Yes                       ;
; data[1]       ; 2.5 V        ; 0 s                 ; 0 s                 ; 2.32 V                       ; 4.49e-09 V                   ; 2.38 V              ; -0.00552 V          ; 0.096 V                              ; 0.019 V                              ; 4.18e-10 s                  ; 3.59e-10 s                  ; No                         ; Yes                        ; 2.32 V                      ; 4.49e-09 V                  ; 2.38 V             ; -0.00552 V         ; 0.096 V                             ; 0.019 V                             ; 4.18e-10 s                 ; 3.59e-10 s                 ; No                        ; Yes                       ;
; data[2]       ; 2.5 V        ; 0 s                 ; 0 s                 ; 2.32 V                       ; 4.49e-09 V                   ; 2.38 V              ; -0.00552 V          ; 0.096 V                              ; 0.019 V                              ; 4.18e-10 s                  ; 3.59e-10 s                  ; No                         ; Yes                        ; 2.32 V                      ; 4.49e-09 V                  ; 2.38 V             ; -0.00552 V         ; 0.096 V                             ; 0.019 V                             ; 4.18e-10 s                 ; 3.59e-10 s                 ; No                        ; Yes                       ;
; data[3]       ; 2.5 V        ; 0 s                 ; 0 s                 ; 2.32 V                       ; 4.49e-09 V                   ; 2.38 V              ; -0.00552 V          ; 0.096 V                              ; 0.019 V                              ; 4.18e-10 s                  ; 3.59e-10 s                  ; No                         ; Yes                        ; 2.32 V                      ; 4.49e-09 V                  ; 2.38 V             ; -0.00552 V         ; 0.096 V                             ; 0.019 V                             ; 4.18e-10 s                 ; 3.59e-10 s                 ; No                        ; Yes                       ;
; data[4]       ; 2.5 V        ; 0 s                 ; 0 s                 ; 2.32 V                       ; 4.49e-09 V                   ; 2.38 V              ; -0.00552 V          ; 0.096 V                              ; 0.019 V                              ; 4.18e-10 s                  ; 3.59e-10 s                  ; No                         ; Yes                        ; 2.32 V                      ; 4.49e-09 V                  ; 2.38 V             ; -0.00552 V         ; 0.096 V                             ; 0.019 V                             ; 4.18e-10 s                 ; 3.59e-10 s                 ; No                        ; Yes                       ;
; ~ALTERA_DCLK~ ; 2.5 V        ; 0 s                 ; 0 s                 ; 2.32 V                       ; 2.67e-09 V                   ; 2.38 V              ; -0.0485 V           ; 0.167 V                              ; 0.096 V                              ; 2.95e-10 s                  ; 2.73e-10 s                  ; Yes                        ; Yes                        ; 2.32 V                      ; 2.67e-09 V                  ; 2.38 V             ; -0.0485 V          ; 0.167 V                             ; 0.096 V                             ; 2.95e-10 s                 ; 2.73e-10 s                 ; Yes                       ; Yes                       ;
; ~ALTERA_nCEO~ ; 2.5 V        ; 0 s                 ; 0 s                 ; 2.32 V                       ; 4.18e-09 V                   ; 2.38 V              ; -0.00483 V          ; 0.152 V                              ; 0.012 V                              ; 4.81e-10 s                  ; 6.29e-10 s                  ; Yes                        ; Yes                        ; 2.32 V                      ; 4.18e-09 V                  ; 2.38 V             ; -0.00483 V         ; 0.152 V                             ; 0.012 V                             ; 4.81e-10 s                 ; 6.29e-10 s                 ; Yes                       ; Yes                       ;
+---------------+--------------+---------------------+---------------------+------------------------------+------------------------------+---------------------+---------------------+--------------------------------------+--------------------------------------+-----------------------------+-----------------------------+----------------------------+----------------------------+-----------------------------+-----------------------------+--------------------+--------------------+-------------------------------------+-------------------------------------+----------------------------+----------------------------+---------------------------+---------------------------+


+--------------------------------------------------------------------------------------------------------------------------------------------------------------------------------------------------------------------------------------------------------------------------------------------------------------------------------------------------------------------------------------------------------------------------------------------------------------------------------------------------------------------------------------------------------------------------------------------------------------------------------------------------------------------------------------------+
; Signal Integrity Metrics (Slow 1200mv 85c Model)                                                                                                                                                                                                                                                                                                                                                                                                                                                                                                                                                                                                                                           ;
+---------------+--------------+---------------------+---------------------+------------------------------+------------------------------+---------------------+---------------------+--------------------------------------+--------------------------------------+-----------------------------+-----------------------------+----------------------------+----------------------------+-----------------------------+-----------------------------+--------------------+--------------------+-------------------------------------+-------------------------------------+----------------------------+----------------------------+---------------------------+---------------------------+
; Pin           ; I/O Standard ; Board Delay on Rise ; Board Delay on Fall ; Steady State Voh at FPGA Pin ; Steady State Vol at FPGA Pin ; Voh Max at FPGA Pin ; Vol Min at FPGA Pin ; Ringback Voltage on Rise at FPGA Pin ; Ringback Voltage on Fall at FPGA Pin ; 10-90 Rise Time at FPGA Pin ; 90-10 Fall Time at FPGA Pin ; Monotonic Rise at FPGA Pin ; Monotonic Fall at FPGA Pin ; Steady State Voh at Far-end ; Steady State Vol at Far-end ; Voh Max at Far-end ; Vol Min at Far-end ; Ringback Voltage on Rise at Far-end ; Ringback Voltage on Fall at Far-end ; 10-90 Rise Time at Far-end ; 90-10 Fall Time at Far-end ; Monotonic Rise at Far-end ; Monotonic Fall at Far-end ;
+---------------+--------------+---------------------+---------------------+------------------------------+------------------------------+---------------------+---------------------+--------------------------------------+--------------------------------------+-----------------------------+-----------------------------+----------------------------+----------------------------+-----------------------------+-----------------------------+--------------------+--------------------+-------------------------------------+-------------------------------------+----------------------------+----------------------------+---------------------------+---------------------------+
; data[0]       ; 2.5 V        ; 0 s                 ; 0 s                 ; 2.32 V                       ; 6.92e-07 V                   ; 2.35 V              ; -0.00996 V          ; 0.121 V                              ; 0.03 V                               ; 4.64e-10 s                  ; 4.47e-10 s                  ; Yes                        ; Yes                        ; 2.32 V                      ; 6.92e-07 V                  ; 2.35 V             ; -0.00996 V         ; 0.121 V                             ; 0.03 V                              ; 4.64e-10 s                 ; 4.47e-10 s                 ; Yes                       ; Yes                       ;
; data[1]       ; 2.5 V        ; 0 s                 ; 0 s                 ; 2.32 V                       ; 6.92e-07 V                   ; 2.35 V              ; -0.00996 V          ; 0.121 V                              ; 0.03 V                               ; 4.64e-10 s                  ; 4.47e-10 s                  ; Yes                        ; Yes                        ; 2.32 V                      ; 6.92e-07 V                  ; 2.35 V             ; -0.00996 V         ; 0.121 V                             ; 0.03 V                              ; 4.64e-10 s                 ; 4.47e-10 s                 ; Yes                       ; Yes                       ;
; data[2]       ; 2.5 V        ; 0 s                 ; 0 s                 ; 2.32 V                       ; 6.92e-07 V                   ; 2.35 V              ; -0.00996 V          ; 0.121 V                              ; 0.03 V                               ; 4.64e-10 s                  ; 4.47e-10 s                  ; Yes                        ; Yes                        ; 2.32 V                      ; 6.92e-07 V                  ; 2.35 V             ; -0.00996 V         ; 0.121 V                             ; 0.03 V                              ; 4.64e-10 s                 ; 4.47e-10 s                 ; Yes                       ; Yes                       ;
; data[3]       ; 2.5 V        ; 0 s                 ; 0 s                 ; 2.32 V                       ; 6.92e-07 V                   ; 2.35 V              ; -0.00996 V          ; 0.121 V                              ; 0.03 V                               ; 4.64e-10 s                  ; 4.47e-10 s                  ; Yes                        ; Yes                        ; 2.32 V                      ; 6.92e-07 V                  ; 2.35 V             ; -0.00996 V         ; 0.121 V                             ; 0.03 V                              ; 4.64e-10 s                 ; 4.47e-10 s                 ; Yes                       ; Yes                       ;
; data[4]       ; 2.5 V        ; 0 s                 ; 0 s                 ; 2.32 V                       ; 6.92e-07 V                   ; 2.35 V              ; -0.00996 V          ; 0.121 V                              ; 0.03 V                               ; 4.64e-10 s                  ; 4.47e-10 s                  ; Yes                        ; Yes                        ; 2.32 V                      ; 6.92e-07 V                  ; 2.35 V             ; -0.00996 V         ; 0.121 V                             ; 0.03 V                              ; 4.64e-10 s                 ; 4.47e-10 s                 ; Yes                       ; Yes                       ;
; ~ALTERA_DCLK~ ; 2.5 V        ; 0 s                 ; 0 s                 ; 2.32 V                       ; 3.75e-07 V                   ; 2.35 V              ; -0.0109 V           ; 0.084 V                              ; 0.027 V                              ; 4.31e-10 s                  ; 3.61e-10 s                  ; Yes                        ; Yes                        ; 2.32 V                      ; 3.75e-07 V                  ; 2.35 V             ; -0.0109 V          ; 0.084 V                             ; 0.027 V                             ; 4.31e-10 s                 ; 3.61e-10 s                 ; Yes                       ; Yes                       ;
; ~ALTERA_nCEO~ ; 2.5 V        ; 0 s                 ; 0 s                 ; 2.32 V                       ; 6.15e-07 V                   ; 2.35 V              ; -0.00712 V          ; 0.093 V                              ; 0.02 V                               ; 6.21e-10 s                  ; 7.9e-10 s                   ; Yes                        ; Yes                        ; 2.32 V                      ; 6.15e-07 V                  ; 2.35 V             ; -0.00712 V         ; 0.093 V                             ; 0.02 V                              ; 6.21e-10 s                 ; 7.9e-10 s                  ; Yes                       ; Yes                       ;
+---------------+--------------+---------------------+---------------------+------------------------------+------------------------------+---------------------+---------------------+--------------------------------------+--------------------------------------+-----------------------------+-----------------------------+----------------------------+----------------------------+-----------------------------+-----------------------------+--------------------+--------------------+-------------------------------------+-------------------------------------+----------------------------+----------------------------+---------------------------+---------------------------+


+--------------------------------------------------------------------------------------------------------------------------------------------------------------------------------------------------------------------------------------------------------------------------------------------------------------------------------------------------------------------------------------------------------------------------------------------------------------------------------------------------------------------------------------------------------------------------------------------------------------------------------------------------------------------------------------------+
; Signal Integrity Metrics (Fast 1200mv 0c Model)                                                                                                                                                                                                                                                                                                                                                                                                                                                                                                                                                                                                                                            ;
+---------------+--------------+---------------------+---------------------+------------------------------+------------------------------+---------------------+---------------------+--------------------------------------+--------------------------------------+-----------------------------+-----------------------------+----------------------------+----------------------------+-----------------------------+-----------------------------+--------------------+--------------------+-------------------------------------+-------------------------------------+----------------------------+----------------------------+---------------------------+---------------------------+
; Pin           ; I/O Standard ; Board Delay on Rise ; Board Delay on Fall ; Steady State Voh at FPGA Pin ; Steady State Vol at FPGA Pin ; Voh Max at FPGA Pin ; Vol Min at FPGA Pin ; Ringback Voltage on Rise at FPGA Pin ; Ringback Voltage on Fall at FPGA Pin ; 10-90 Rise Time at FPGA Pin ; 90-10 Fall Time at FPGA Pin ; Monotonic Rise at FPGA Pin ; Monotonic Fall at FPGA Pin ; Steady State Voh at Far-end ; Steady State Vol at Far-end ; Voh Max at Far-end ; Vol Min at Far-end ; Ringback Voltage on Rise at Far-end ; Ringback Voltage on Fall at Far-end ; 10-90 Rise Time at Far-end ; 90-10 Fall Time at Far-end ; Monotonic Rise at Far-end ; Monotonic Fall at Far-end ;
+---------------+--------------+---------------------+---------------------+------------------------------+------------------------------+---------------------+---------------------+--------------------------------------+--------------------------------------+-----------------------------+-----------------------------+----------------------------+----------------------------+-----------------------------+-----------------------------+--------------------+--------------------+-------------------------------------+-------------------------------------+----------------------------+----------------------------+---------------------------+---------------------------+
; data[0]       ; 2.5 V        ; 0 s                 ; 0 s                 ; 2.62 V                       ; 4.05e-08 V                   ; 2.72 V              ; -0.0349 V           ; 0.173 V                              ; 0.1 V                                ; 2.72e-10 s                  ; 2.69e-10 s                  ; Yes                        ; Yes                        ; 2.62 V                      ; 4.05e-08 V                  ; 2.72 V             ; -0.0349 V          ; 0.173 V                             ; 0.1 V                               ; 2.72e-10 s                 ; 2.69e-10 s                 ; Yes                       ; Yes                       ;
; data[1]       ; 2.5 V        ; 0 s                 ; 0 s                 ; 2.62 V                       ; 4.05e-08 V                   ; 2.72 V              ; -0.0349 V           ; 0.173 V                              ; 0.1 V                                ; 2.72e-10 s                  ; 2.69e-10 s                  ; Yes                        ; Yes                        ; 2.62 V                      ; 4.05e-08 V                  ; 2.72 V             ; -0.0349 V          ; 0.173 V                             ; 0.1 V                               ; 2.72e-10 s                 ; 2.69e-10 s                 ; Yes                       ; Yes                       ;
; data[2]       ; 2.5 V        ; 0 s                 ; 0 s                 ; 2.62 V                       ; 4.05e-08 V                   ; 2.72 V              ; -0.0349 V           ; 0.173 V                              ; 0.1 V                                ; 2.72e-10 s                  ; 2.69e-10 s                  ; Yes                        ; Yes                        ; 2.62 V                      ; 4.05e-08 V                  ; 2.72 V             ; -0.0349 V          ; 0.173 V                             ; 0.1 V                               ; 2.72e-10 s                 ; 2.69e-10 s                 ; Yes                       ; Yes                       ;
; data[3]       ; 2.5 V        ; 0 s                 ; 0 s                 ; 2.62 V                       ; 4.05e-08 V                   ; 2.72 V              ; -0.0349 V           ; 0.173 V                              ; 0.1 V                                ; 2.72e-10 s                  ; 2.69e-10 s                  ; Yes                        ; Yes                        ; 2.62 V                      ; 4.05e-08 V                  ; 2.72 V             ; -0.0349 V          ; 0.173 V                             ; 0.1 V                               ; 2.72e-10 s                 ; 2.69e-10 s                 ; Yes                       ; Yes                       ;
; data[4]       ; 2.5 V        ; 0 s                 ; 0 s                 ; 2.62 V                       ; 4.05e-08 V                   ; 2.72 V              ; -0.0349 V           ; 0.173 V                              ; 0.1 V                                ; 2.72e-10 s                  ; 2.69e-10 s                  ; Yes                        ; Yes                        ; 2.62 V                      ; 4.05e-08 V                  ; 2.72 V             ; -0.0349 V          ; 0.173 V                             ; 0.1 V                               ; 2.72e-10 s                 ; 2.69e-10 s                 ; Yes                       ; Yes                       ;
; ~ALTERA_DCLK~ ; 2.5 V        ; 0 s                 ; 0 s                 ; 2.62 V                       ; 2.22e-08 V                   ; 2.74 V              ; -0.06 V             ; 0.158 V                              ; 0.08 V                               ; 2.68e-10 s                  ; 2.19e-10 s                  ; Yes                        ; Yes                        ; 2.62 V                      ; 2.22e-08 V                  ; 2.74 V             ; -0.06 V            ; 0.158 V                             ; 0.08 V                              ; 2.68e-10 s                 ; 2.19e-10 s                 ; Yes                       ; Yes                       ;
; ~ALTERA_nCEO~ ; 2.5 V        ; 0 s                 ; 0 s                 ; 2.62 V                       ; 3.54e-08 V                   ; 2.7 V               ; -0.00943 V          ; 0.276 V                              ; 0.035 V                              ; 3.19e-10 s                  ; 4.99e-10 s                  ; No                         ; Yes                        ; 2.62 V                      ; 3.54e-08 V                  ; 2.7 V              ; -0.00943 V         ; 0.276 V                             ; 0.035 V                             ; 3.19e-10 s                 ; 4.99e-10 s                 ; No                        ; Yes                       ;
+---------------+--------------+---------------------+---------------------+------------------------------+------------------------------+---------------------+---------------------+--------------------------------------+--------------------------------------+-----------------------------+-----------------------------+----------------------------+----------------------------+-----------------------------+-----------------------------+--------------------+--------------------+-------------------------------------+-------------------------------------+----------------------------+----------------------------+---------------------------+---------------------------+


+-------------------------------------------------------------------+
; Setup Transfers                                                   ;
+------------+----------+----------+----------+----------+----------+
; From Clock ; To Clock ; RR Paths ; FR Paths ; RF Paths ; FF Paths ;
+------------+----------+----------+----------+----------+----------+
; clk        ; clk      ; 14       ; 0        ; 0        ; 0        ;
+------------+----------+----------+----------+----------+----------+
Entries labeled "false path" only account for clock-to-clock false paths and not path-based false paths. As a result, actual path counts may be lower than reported.


+-------------------------------------------------------------------+
; Hold Transfers                                                    ;
+------------+----------+----------+----------+----------+----------+
; From Clock ; To Clock ; RR Paths ; FR Paths ; RF Paths ; FF Paths ;
+------------+----------+----------+----------+----------+----------+
; clk        ; clk      ; 14       ; 0        ; 0        ; 0        ;
+------------+----------+----------+----------+----------+----------+
Entries labeled "false path" only account for clock-to-clock false paths and not path-based false paths. As a result, actual path counts may be lower than reported.


---------------
; Report TCCS ;
---------------
No dedicated SERDES Transmitter circuitry present in device or used in design


---------------
; Report RSKM ;
---------------
No non-DPA dedicated SERDES Receiver circuitry present in device or used in design


+------------------------------------------------+
; Unconstrained Paths                            ;
+---------------------------------+-------+------+
; Property                        ; Setup ; Hold ;
+---------------------------------+-------+------+
; Illegal Clocks                  ; 0     ; 0    ;
; Unconstrained Clocks            ; 0     ; 0    ;
; Unconstrained Input Ports       ; 1     ; 1    ;
; Unconstrained Input Port Paths  ; 5     ; 5    ;
; Unconstrained Output Ports      ; 5     ; 5    ;
; Unconstrained Output Port Paths ; 5     ; 5    ;
+---------------------------------+-------+------+


+------------------------------------+
; TimeQuest Timing Analyzer Messages ;
+------------------------------------+
Info: *******************************************************************
Info: Running Quartus II 64-Bit TimeQuest Timing Analyzer
    Info: Version 15.0.0 Build 145 04/22/2015 SJ Web Edition
    Info: Processing started: Tue Nov 26 20:58:36 2019
Info: Command: quartus_sta BlackJack -c BlackJack
Info: qsta_default_script.tcl version: #11
Warning (20028): Parallel compilation is not licensed and has been disabled
Info (21077): Low junction temperature is 0 degrees C
Info (21077): High junction temperature is 85 degrees C
Critical Warning (332012): Synopsys Design Constraints File file not found: 'BlackJack.sdc'. A Synopsys Design Constraints File is required by the TimeQuest Timing Analyzer to get proper timing constraints. Without it, the Compiler will not properly optimize the design.
Info (332142): No user constrained base clocks found in the design. Calling "derive_clocks -period 1.0"
Info (332105): Deriving Clocks
    Info (332105): create_clock -period 1.000 -name clk clk
Info (332143): No user constrained clock uncertainty found in the design. Calling "derive_clock_uncertainty"
Info (332123): Deriving Clock Uncertainty. Please refer to report_sdc in TimeQuest to see clock uncertainties.
Info: Found TIMEQUEST_REPORT_SCRIPT_INCLUDE_DEFAULT_ANALYSIS = ON
Info: Analyzing Slow 1200mV 85C Model
Critical Warning (332148): Timing requirements not met
    Info (11105): For recommendations on closing timing, run Report Timing Closure Recommendations in the TimeQuest Timing Analyzer.
Info (332146): Worst-case setup slack is -0.268
    Info (332119):     Slack       End Point TNS Clock 
    Info (332119): ========= =================== =====================
    Info (332119):    -0.268              -0.756 clk 
Info (332146): Worst-case hold slack is 0.403
    Info (332119):     Slack       End Point TNS Clock 
    Info (332119): ========= =================== =====================
    Info (332119):     0.403               0.000 clk 
Info (332140): No Recovery paths to report
Info (332140): No Removal paths to report
Info (332146): Worst-case minimum pulse width slack is -3.000
    Info (332119):     Slack       End Point TNS Clock 
    Info (332119): ========= =================== =====================
    Info (332119):    -3.000              -9.425 clk 
Info: Analyzing Slow 1200mV 0C Model
Info (334003): Started post-fitting delay annotation
Info (334004): Delay annotation completed successfully
Info (332123): Deriving Clock Uncertainty. Please refer to report_sdc in TimeQuest to see clock uncertainties.
Critical Warning (332148): Timing requirements not met
    Info (11105): For recommendations on closing timing, run Report Timing Closure Recommendations in the TimeQuest Timing Analyzer.
Info (332146): Worst-case setup slack is -0.136
    Info (332119):     Slack       End Point TNS Clock 
    Info (332119): ========= =================== =====================
    Info (332119):    -0.136              -0.368 clk 
Info (332146): Worst-case hold slack is 0.354
    Info (332119):     Slack       End Point TNS Clock 
    Info (332119): ========= =================== =====================
    Info (332119):     0.354               0.000 clk 
Info (332140): No Recovery paths to report
Info (332140): No Removal paths to report
Info (332146): Worst-case minimum pulse width slack is -3.000
    Info (332119):     Slack       End Point TNS Clock 
    Info (332119): ========= =================== =====================
    Info (332119):    -3.000              -9.425 clk 
Info: Analyzing Fast 1200mV 0C Model
Info (332123): Deriving Clock Uncertainty. Please refer to report_sdc in TimeQuest to see clock uncertainties.
Info (332146): Worst-case setup slack is 0.379
    Info (332119):     Slack       End Point TNS Clock 
    Info (332119): ========= =================== =====================
    Info (332119):     0.379               0.000 clk 
Info (332146): Worst-case hold slack is 0.182
    Info (332119):     Slack       End Point TNS Clock 
    Info (332119): ========= =================== =====================
    Info (332119):     0.182               0.000 clk 
Info (332140): No Recovery paths to report
Info (332140): No Removal paths to report
Critical Warning (332148): Timing requirements not met
    Info (11105): For recommendations on closing timing, run Report Timing Closure Recommendations in the TimeQuest Timing Analyzer.
Info (332146): Worst-case minimum pulse width slack is -3.000
    Info (332119):     Slack       End Point TNS Clock 
    Info (332119): ========= =================== =====================
    Info (332119):    -3.000              -8.305 clk 
Info (332102): Design is not fully constrained for setup requirements
Info (332102): Design is not fully constrained for hold requirements
Info: Quartus II 64-Bit TimeQuest Timing Analyzer was successful. 0 errors, 6 warnings
    Info: Peak virtual memory: 747 megabytes
    Info: Processing ended: Tue Nov 26 20:58:57 2019
    Info: Elapsed time: 00:00:21
    Info: Total CPU time (on all processors): 00:00:02


