------------------------------------------------------------
TimeQuest Timing Analyzer Summary
------------------------------------------------------------

Type  : Slow 1200mV 85C Model Setup 'Clockv'
Slack : -3.650
TNS   : -49.188

Type  : Slow 1200mV 85C Model Setup 'Clockd'
Slack : -3.578
TNS   : -47.748

Type  : Slow 1200mV 85C Model Setup 'Presetv'
Slack : -3.100
TNS   : -22.078

Type  : Slow 1200mV 85C Model Setup 'addv'
Slack : -2.979
TNS   : -14.550

Type  : Slow 1200mV 85C Model Setup 'bcdAdder:comb_5|a[1]'
Slack : -1.749
TNS   : -10.702

Type  : Slow 1200mV 85C Model Setup 'coutd'
Slack : -1.200
TNS   : -4.177

Type  : Slow 1200mV 85C Model Setup 'cout'
Slack : -1.176
TNS   : -3.740

Type  : Slow 1200mV 85C Model Hold 'Clockv'
Slack : 0.372
TNS   : 0.000

Type  : Slow 1200mV 85C Model Hold 'bcdAdder:comb_5|a[1]'
Slack : 0.407
TNS   : 0.000

Type  : Slow 1200mV 85C Model Hold 'coutd'
Slack : 0.425
TNS   : 0.000

Type  : Slow 1200mV 85C Model Hold 'cout'
Slack : 0.447
TNS   : 0.000

Type  : Slow 1200mV 85C Model Hold 'addv'
Slack : 0.606
TNS   : 0.000

Type  : Slow 1200mV 85C Model Hold 'Clockd'
Slack : 0.640
TNS   : 0.000

Type  : Slow 1200mV 85C Model Hold 'Presetv'
Slack : 1.699
TNS   : 0.000

Type  : Slow 1200mV 85C Model Minimum Pulse Width 'Clockd'
Slack : -3.000
TNS   : -36.410

Type  : Slow 1200mV 85C Model Minimum Pulse Width 'Clockv'
Slack : -3.000
TNS   : -36.410

Type  : Slow 1200mV 85C Model Minimum Pulse Width 'addv'
Slack : -3.000
TNS   : -10.710

Type  : Slow 1200mV 85C Model Minimum Pulse Width 'Presetv'
Slack : -3.000
TNS   : -3.000

Type  : Slow 1200mV 85C Model Minimum Pulse Width 'cout'
Slack : -1.285
TNS   : -5.140

Type  : Slow 1200mV 85C Model Minimum Pulse Width 'coutd'
Slack : -1.285
TNS   : -5.140

Type  : Slow 1200mV 85C Model Minimum Pulse Width 'bcdAdder:comb_5|a[1]'
Slack : 0.405
TNS   : 0.000

Type  : Slow 1200mV 0C Model Setup 'Clockv'
Slack : -3.274
TNS   : -41.828

Type  : Slow 1200mV 0C Model Setup 'Clockd'
Slack : -3.221
TNS   : -40.573

Type  : Slow 1200mV 0C Model Setup 'addv'
Slack : -2.618
TNS   : -12.751

Type  : Slow 1200mV 0C Model Setup 'Presetv'
Slack : -2.598
TNS   : -18.423

Type  : Slow 1200mV 0C Model Setup 'bcdAdder:comb_5|a[1]'
Slack : -1.614
TNS   : -9.843

Type  : Slow 1200mV 0C Model Setup 'coutd'
Slack : -1.037
TNS   : -3.417

Type  : Slow 1200mV 0C Model Setup 'cout'
Slack : -1.015
TNS   : -3.053

Type  : Slow 1200mV 0C Model Hold 'Clockv'
Slack : 0.372
TNS   : 0.000

Type  : Slow 1200mV 0C Model Hold 'coutd'
Slack : 0.488
TNS   : 0.000

Type  : Slow 1200mV 0C Model Hold 'addv'
Slack : 0.496
TNS   : 0.000

Type  : Slow 1200mV 0C Model Hold 'bcdAdder:comb_5|a[1]'
Slack : 0.503
TNS   : 0.000

Type  : Slow 1200mV 0C Model Hold 'cout'
Slack : 0.533
TNS   : 0.000

Type  : Slow 1200mV 0C Model Hold 'Clockd'
Slack : 0.585
TNS   : 0.000

Type  : Slow 1200mV 0C Model Hold 'Presetv'
Slack : 1.433
TNS   : 0.000

Type  : Slow 1200mV 0C Model Minimum Pulse Width 'Clockd'
Slack : -3.000
TNS   : -36.410

Type  : Slow 1200mV 0C Model Minimum Pulse Width 'Clockv'
Slack : -3.000
TNS   : -36.410

Type  : Slow 1200mV 0C Model Minimum Pulse Width 'addv'
Slack : -3.000
TNS   : -10.710

Type  : Slow 1200mV 0C Model Minimum Pulse Width 'Presetv'
Slack : -3.000
TNS   : -3.000

Type  : Slow 1200mV 0C Model Minimum Pulse Width 'cout'
Slack : -1.285
TNS   : -5.140

Type  : Slow 1200mV 0C Model Minimum Pulse Width 'coutd'
Slack : -1.285
TNS   : -5.140

Type  : Slow 1200mV 0C Model Minimum Pulse Width 'bcdAdder:comb_5|a[1]'
Slack : 0.354
TNS   : 0.000

Type  : Fast 1200mV 0C Model Setup 'Clockd'
Slack : -1.274
TNS   : -10.979

Type  : Fast 1200mV 0C Model Setup 'Clockv'
Slack : -1.272
TNS   : -11.671

Type  : Fast 1200mV 0C Model Setup 'Presetv'
Slack : -1.104
TNS   : -7.571

Type  : Fast 1200mV 0C Model Setup 'addv'
Slack : -0.954
TNS   : -4.312

Type  : Fast 1200mV 0C Model Setup 'bcdAdder:comb_5|a[1]'
Slack : -0.654
TNS   : -3.845

Type  : Fast 1200mV 0C Model Setup 'cout'
Slack : -0.545
TNS   : -1.478

Type  : Fast 1200mV 0C Model Setup 'coutd'
Slack : -0.524
TNS   : -1.656

Type  : Fast 1200mV 0C Model Hold 'bcdAdder:comb_5|a[1]'
Slack : -0.021
TNS   : -0.029

Type  : Fast 1200mV 0C Model Hold 'Clockv'
Slack : -0.001
TNS   : -0.001

Type  : Fast 1200mV 0C Model Hold 'coutd'
Slack : 0.058
TNS   : 0.000

Type  : Fast 1200mV 0C Model Hold 'cout'
Slack : 0.086
TNS   : 0.000

Type  : Fast 1200mV 0C Model Hold 'Clockd'
Slack : 0.209
TNS   : 0.000

Type  : Fast 1200mV 0C Model Hold 'addv'
Slack : 0.259
TNS   : 0.000

Type  : Fast 1200mV 0C Model Hold 'Presetv'
Slack : 0.905
TNS   : 0.000

Type  : Fast 1200mV 0C Model Minimum Pulse Width 'Clockv'
Slack : -3.000
TNS   : -30.628

Type  : Fast 1200mV 0C Model Minimum Pulse Width 'Clockd'
Slack : -3.000
TNS   : -30.482

Type  : Fast 1200mV 0C Model Minimum Pulse Width 'addv'
Slack : -3.000
TNS   : -9.562

Type  : Fast 1200mV 0C Model Minimum Pulse Width 'Presetv'
Slack : -3.000
TNS   : -3.000

Type  : Fast 1200mV 0C Model Minimum Pulse Width 'cout'
Slack : -1.000
TNS   : -4.000

Type  : Fast 1200mV 0C Model Minimum Pulse Width 'coutd'
Slack : -1.000
TNS   : -4.000

Type  : Fast 1200mV 0C Model Minimum Pulse Width 'bcdAdder:comb_5|a[1]'
Slack : 0.410
TNS   : 0.000

------------------------------------------------------------
